## commit-under-test: working tree on 0664fa03fb0179ab761069c90af03aaf65dc18e8 (uncommitted stage-1 diff)
$ gofmt -l .
exit=0
$ go vet ./...
exit=0
$ GOOS=windows go vet ./...
exit=0
$ go test ./...
ok  	github.com/Startup-Suite/play-host/cmd/play-host	0.016s
ok  	github.com/Startup-Suite/play-host/internal/build	0.330s
ok  	github.com/Startup-Suite/play-host/internal/host	15.470s
ok  	github.com/Startup-Suite/play-host/internal/input	0.006s
ok  	github.com/Startup-Suite/play-host/internal/launch	0.206s
ok  	github.com/Startup-Suite/play-host/internal/link	0.004s
ok  	github.com/Startup-Suite/play-host/internal/media	0.032s
ok  	github.com/Startup-Suite/play-host/internal/probe	0.006s
ok  	github.com/Startup-Suite/play-host/internal/protocol	0.006s
ok  	github.com/Startup-Suite/play-host/internal/rtc	9.163s
?   	github.com/Startup-Suite/play-host/internal/spike	[no test files]
ok  	github.com/Startup-Suite/play-host/internal/suite	2.680s
?   	github.com/Startup-Suite/play-host/spike/tcpcheck	[no test files]
?   	github.com/Startup-Suite/play-host/spike/wsstress	[no test files]
exit=0
