2026/09/29 02:05:49.797970 [01a0eae9-3f8a-7001-80f5-47b3700720ee] status building: Preparing task/01a0ea90-0f73-7001-8f5f-07b3db421896 at 643edd99da14
2026/09/29 02:05:53.873857 launch: C:\Users\slaps\AppData\Local\Microsoft\WinGet\Packages\GodotEngine.GodotEngine_Microsoft.Winget.Source_8wekyb3d8bbwe\Godot_v4.7.2-stable_win64_console.exe [--path C:\Users\slaps\play-host-dev-01a0dbd6\checkouts\01a0ea90-643edd99da14 --rendering-driver vulkan --resolution 1280x720 --windowed -- --suite-play-session=01a0eae9-3f8a-7001-80f5-47b3700720ee --suite-play-port=40321 --suite-play-fps=60]
2026/09/29 02:05:53.878911 [01a0eae9-3f8a-7001-80f5-47b3700720ee] godot pid 13168 job [13168] dir C:\Users\slaps\play-host-dev-01a0dbd6\checkouts\01a0ea90-643edd99da14
2026/09/29 02:05:54.798560 [01a0eae9-3f8a-7001-80f5-47b3700720ee] status building: Starting the game
2026/09/29 02:05:54.931395 [01a0eae9-3f8a-7001-80f5-47b3700720ee] ice udp mux listening on [192.168.1.107:40310]
2026/09/29 02:05:54.992233 [01a0eae9-3f8a-7001-80f5-47b3700720ee] offer (peer v1): gathered in 61ms partial=false host=2 srflx=4 relay=4
2026/09/29 02:05:54.993069 [01a0eae9-3f8a-7001-80f5-47b3700720ee] status connecting: Waiting for the viewer
2026/09/29 02:06:00.868960 [01a0eae9-3f8a-7001-80f5-47b3700720ee] play_peer_open 01a0eae9-6ac8-7001-825c-f480c35555d9
2026/09/29 02:06:00.868960 [01a0eae9-3f8a-7001-80f5-47b3700720ee] core sent multi-peer frames: closing the v1 peer
2026/09/29 02:06:00.932716 [01a0eae9-3f8a-7001-80f5-47b3700720ee] offer (peer 01a0eae9-6ac8-7001-825c-f480c35555d9): gathered in 63ms partial=false host=2 srflx=4 relay=4
2026/09/29 02:06:00.932716 [01a0eae9-3f8a-7001-80f5-47b3700720ee] status connecting: Waiting for the viewer
2026/09/29 02:06:01.448799 [01a0eae9-3f8a-7001-80f5-47b3700720ee] play_peer_close 01a0eae9-6ac8-7001-825c-f480c35555d9
2026/09/29 02:06:01.605747 [01a0eae9-3f8a-7001-80f5-47b3700720ee] play_peer_open 01a0eae9-6dab-7001-97da-b63d35ae7600
2026/09/29 02:06:06.665111 [01a0eae9-3f8a-7001-80f5-47b3700720ee] offer (peer 01a0eae9-6dab-7001-97da-b63d35ae7600): gathered in 5.059s partial=true host=2 srflx=2 relay=4
2026/09/29 02:06:06.665111 [01a0eae9-3f8a-7001-80f5-47b3700720ee] status connecting: Waiting for the viewer
2026/09/29 02:06:07.818870 [01a0eae9-3f8a-7001-80f5-47b3700720ee] viewer connected (peer 01a0eae9-6dab-7001-97da-b63d35ae7600): host 192.168.1.107:40310 <-> prflx 192.168.1.234:40165
2026/09/29 02:06:07.835395 [01a0eae9-3f8a-7001-80f5-47b3700720ee] encoder started 1028x720 p1-ll-8000k-720p60-g120: -hide_banner -loglevel warning -nostats -y -f rawvideo -pix_fmt rgba -video_size 1028x720 -framerate 60 -use_wallclock_as_timestamps 1 -fflags nobuffer -flags low_delay -probesize 32 -i pipe:0 -fps_mode passthrough -c:v h264_nvenc -preset p1 -tune ll -rc cbr -b:v 8000k -maxrate 8000k -bufsize 266k -zerolatency 1 -delay 0 -rc-lookahead 0 -bf 0 -profile:v baseline -forced-idr 1 -g 120 -bsf:v dump_extra=freq=keyframe -an -flush_packets 1 -f rtp -payload_type 96 rtp://127.0.0.1:40331?pkt_size=1200
2026/09/29 02:06:07.982077 [01a0eae9-3f8a-7001-80f5-47b3700720ee] status live: Streaming 1028x720 at 60 fps (p1/ll 8000 kbps, GOP 120); asked for 1280x720
2026/09/29 02:06:09.554995 [01a0eae9-3f8a-7001-80f5-47b3700720ee] play_peer_open 01a0eae9-8cb7-7001-b616-4272d7f135b4
2026/09/29 02:06:09.620183 [01a0eae9-3f8a-7001-80f5-47b3700720ee] offer (peer 01a0eae9-8cb7-7001-b616-4272d7f135b4): gathered in 65ms partial=false host=2 srflx=4 relay=4
2026/09/29 02:06:10.234322 [01a0eae9-3f8a-7001-80f5-47b3700720ee] play_peer_close 01a0eae9-8cb7-7001-b616-4272d7f135b4
2026/09/29 02:06:10.543782 [01a0eae9-3f8a-7001-80f5-47b3700720ee] play_peer_open 01a0eae9-9095-7001-8324-aa78585f523d
2026/09/29 02:06:10.610963 [01a0eae9-3f8a-7001-80f5-47b3700720ee] offer (peer 01a0eae9-9095-7001-8324-aa78585f523d): gathered in 67ms partial=false host=2 srflx=4 relay=4
2026/09/29 02:06:11.323174 [01a0eae9-3f8a-7001-80f5-47b3700720ee] viewer connected (peer 01a0eae9-9095-7001-8324-aa78585f523d): host 192.168.1.107:40310 <-> srflx 192.168.1.200:36057
2026/09/29 02:06:11.332809 [01a0eae9-3f8a-7001-80f5-47b3700720ee] PLI/FIR from peer 01a0eae9-9095-7001-8324-aa78585f523d: no forced IDR in the subprocess encoder; next IDR within GOP 120
2026/09/29 02:06:11.462350 [01a0eae9-3f8a-7001-80f5-47b3700720ee] PLI/FIR from peer 01a0eae9-9095-7001-8324-aa78585f523d: no forced IDR in the subprocess encoder; next IDR within GOP 120
2026/09/29 02:06:11.664569 [01a0eae9-3f8a-7001-80f5-47b3700720ee] PLI/FIR from peer 01a0eae9-9095-7001-8324-aa78585f523d: no forced IDR in the subprocess encoder; next IDR within GOP 120
2026/09/29 02:06:11.868583 [01a0eae9-3f8a-7001-80f5-47b3700720ee] PLI/FIR from peer 01a0eae9-9095-7001-8324-aa78585f523d: no forced IDR in the subprocess encoder; next IDR within GOP 120
2026/09/29 02:07:13.720561 [01a0eae9-3f8a-7001-80f5-47b3700720ee] play_peer_close 01a0eae9-6dab-7001-97da-b63d35ae7600
2026/09/29 02:07:13.769813 [01a0eae9-3f8a-7001-80f5-47b3700720ee] play_peer_close 01a0eae9-9095-7001-8324-aa78585f523d
2026/09/29 02:07:13.817708 [01a0eae9-3f8a-7001-80f5-47b3700720ee] no connected peer: encoder and export stopped
2026/09/29 02:07:16.270595 [01a0eae9-3f8a-7001-80f5-47b3700720ee] killed godot job pids=[13168 13392 8524] err=<nil>
2026/09/29 02:07:16.385118 [01a0eae9-3f8a-7001-80f5-47b3700720ee] removed checkout C:\Users\slaps\play-host-dev-01a0dbd6\checkouts\01a0ea90-643edd99da14 in 114ms err=<nil>
2026/09/29 02:07:16.385118 [01a0eae9-3f8a-7001-80f5-47b3700720ee] session ended: stage 5 run over 01a0dbd6
