2026/09/29 02:20:18.331028 [01a0eaf6-8041-7001-adc4-e6b5e2fde1c1] status building: Preparing task/01a0ea90-0f73-7001-8f5f-07b3db421896 at 643edd99da14
2026/09/29 02:20:22.315206 launch: C:\Users\slaps\AppData\Local\Microsoft\WinGet\Packages\GodotEngine.GodotEngine_Microsoft.Winget.Source_8wekyb3d8bbwe\Godot_v4.7.2-stable_win64_console.exe [--path C:\Users\slaps\play-host-dev-01a0dbd6\checkouts\01a0ea90-643edd99da14 --rendering-driver vulkan --resolution 1280x720 --windowed -- --suite-play-session=01a0eaf6-8041-7001-adc4-e6b5e2fde1c1 --suite-play-port=40321 --suite-play-fps=60]
2026/09/29 02:20:22.320111 [01a0eaf6-8041-7001-adc4-e6b5e2fde1c1] godot pid 1604 job [1604] dir C:\Users\slaps\play-host-dev-01a0dbd6\checkouts\01a0ea90-643edd99da14
2026/09/29 02:20:23.371959 [01a0eaf6-8041-7001-adc4-e6b5e2fde1c1] ice udp mux listening on [192.168.1.107:40310]
2026/09/29 02:20:23.432837 [01a0eaf6-8041-7001-adc4-e6b5e2fde1c1] offer (peer v1): gathered in 61ms partial=false host=2 srflx=4 relay=4
2026/09/29 02:20:23.433424 [01a0eaf6-8041-7001-adc4-e6b5e2fde1c1] status connecting: Waiting for the viewer
2026/09/29 02:20:27.292227 [01a0eaf6-8041-7001-adc4-e6b5e2fde1c1] play_peer_open 01a0eaf6-a343-7001-b14a-ddfd670ef718
2026/09/29 02:20:27.292227 [01a0eaf6-8041-7001-adc4-e6b5e2fde1c1] core sent multi-peer frames: closing the v1 peer
2026/09/29 02:20:27.354033 [01a0eaf6-8041-7001-adc4-e6b5e2fde1c1] offer (peer 01a0eaf6-a343-7001-b14a-ddfd670ef718): gathered in 61ms partial=false host=2 srflx=4 relay=4
2026/09/29 02:20:27.354033 [01a0eaf6-8041-7001-adc4-e6b5e2fde1c1] status connecting: Waiting for the viewer
2026/09/29 02:20:27.644612 [01a0eaf6-8041-7001-adc4-e6b5e2fde1c1] play_peer_close 01a0eaf6-a343-7001-b14a-ddfd670ef718
2026/09/29 02:20:27.860822 [01a0eaf6-8041-7001-adc4-e6b5e2fde1c1] play_peer_open 01a0eaf6-a57c-7001-bb2f-fcee03fa76fe
2026/09/29 02:20:27.927034 [01a0eaf6-8041-7001-adc4-e6b5e2fde1c1] offer (peer 01a0eaf6-a57c-7001-bb2f-fcee03fa76fe): gathered in 66ms partial=false host=2 srflx=4 relay=4
2026/09/29 02:20:27.927545 [01a0eaf6-8041-7001-adc4-e6b5e2fde1c1] status connecting: Waiting for the viewer
2026/09/29 02:20:29.133318 [01a0eaf6-8041-7001-adc4-e6b5e2fde1c1] viewer connected (peer 01a0eaf6-a57c-7001-bb2f-fcee03fa76fe): host 192.168.1.107:40310 <-> prflx 192.168.1.234:40023
2026/09/29 02:20:29.160662 [01a0eaf6-8041-7001-adc4-e6b5e2fde1c1] encoder started 1028x720 p1-ll-8000k-720p60-g120: -hide_banner -loglevel warning -nostats -y -f rawvideo -pix_fmt rgba -video_size 1028x720 -framerate 60 -use_wallclock_as_timestamps 1 -fflags nobuffer -flags low_delay -probesize 32 -i pipe:0 -fps_mode passthrough -c:v h264_nvenc -preset p1 -tune ll -rc cbr -b:v 8000k -maxrate 8000k -bufsize 266k -zerolatency 1 -delay 0 -rc-lookahead 0 -bf 0 -profile:v baseline -forced-idr 1 -g 120 -bsf:v dump_extra=freq=keyframe -an -flush_packets 1 -f rtp -payload_type 96 rtp://127.0.0.1:40331?pkt_size=1200
2026/09/29 02:20:29.308845 [01a0eaf6-8041-7001-adc4-e6b5e2fde1c1] status live: Streaming 1028x720 at 60 fps (p1/ll 8000 kbps, GOP 120); asked for 1280x720
2026/09/29 02:20:31.460556 [01a0eaf6-8041-7001-adc4-e6b5e2fde1c1] play_peer_open 01a0eaf6-b38b-7001-9d7f-2d54e5cc1e3a
2026/09/29 02:20:31.523209 [01a0eaf6-8041-7001-adc4-e6b5e2fde1c1] offer (peer 01a0eaf6-b38b-7001-9d7f-2d54e5cc1e3a): gathered in 63ms partial=false host=2 srflx=4 relay=4
2026/09/29 02:20:31.832506 [01a0eaf6-8041-7001-adc4-e6b5e2fde1c1] play_peer_close 01a0eaf6-b38b-7001-9d7f-2d54e5cc1e3a
2026/09/29 02:20:32.053679 [01a0eaf6-8041-7001-adc4-e6b5e2fde1c1] play_peer_open 01a0eaf6-b5dd-7001-9b00-fd433d8bd435
2026/09/29 02:20:32.118185 [01a0eaf6-8041-7001-adc4-e6b5e2fde1c1] offer (peer 01a0eaf6-b5dd-7001-9b00-fd433d8bd435): gathered in 65ms partial=false host=2 srflx=4 relay=4
2026/09/29 02:20:33.322075 [01a0eaf6-8041-7001-adc4-e6b5e2fde1c1] viewer connected (peer 01a0eaf6-b5dd-7001-9b00-fd433d8bd435): host 192.168.1.107:40310 <-> prflx 192.168.1.234:40007
2026/09/29 02:20:33.327356 [01a0eaf6-8041-7001-adc4-e6b5e2fde1c1] PLI/FIR from peer 01a0eaf6-b5dd-7001-9b00-fd433d8bd435: no forced IDR in the subprocess encoder; next IDR within GOP 120
2026/09/29 02:20:33.348744 [01a0eaf6-8041-7001-adc4-e6b5e2fde1c1] PLI/FIR from peer 01a0eaf6-b5dd-7001-9b00-fd433d8bd435: no forced IDR in the subprocess encoder; next IDR within GOP 120
2026/09/29 02:20:33.553111 [01a0eaf6-8041-7001-adc4-e6b5e2fde1c1] PLI/FIR from peer 01a0eaf6-b5dd-7001-9b00-fd433d8bd435: no forced IDR in the subprocess encoder; next IDR within GOP 120
2026/09/29 02:20:33.756250 [01a0eaf6-8041-7001-adc4-e6b5e2fde1c1] PLI/FIR from peer 01a0eaf6-b5dd-7001-9b00-fd433d8bd435: no forced IDR in the subprocess encoder; next IDR within GOP 120
2026/09/29 02:20:33.959578 [01a0eaf6-8041-7001-adc4-e6b5e2fde1c1] PLI/FIR from peer 01a0eaf6-b5dd-7001-9b00-fd433d8bd435: no forced IDR in the subprocess encoder; next IDR within GOP 120
2026/09/29 02:20:34.162593 [01a0eaf6-8041-7001-adc4-e6b5e2fde1c1] PLI/FIR from peer 01a0eaf6-b5dd-7001-9b00-fd433d8bd435: no forced IDR in the subprocess encoder; next IDR within GOP 120
2026/09/29 02:20:34.365669 [01a0eaf6-8041-7001-adc4-e6b5e2fde1c1] PLI/FIR from peer 01a0eaf6-b5dd-7001-9b00-fd433d8bd435: no forced IDR in the subprocess encoder; next IDR within GOP 120
2026/09/29 02:20:34.568638 [01a0eaf6-8041-7001-adc4-e6b5e2fde1c1] PLI/FIR from peer 01a0eaf6-b5dd-7001-9b00-fd433d8bd435: no forced IDR in the subprocess encoder; next IDR within GOP 120
2026/09/29 02:20:34.771288 [01a0eaf6-8041-7001-adc4-e6b5e2fde1c1] PLI/FIR from peer 01a0eaf6-b5dd-7001-9b00-fd433d8bd435: no forced IDR in the subprocess encoder; next IDR within GOP 120
2026/09/29 02:20:34.974792 [01a0eaf6-8041-7001-adc4-e6b5e2fde1c1] PLI/FIR from peer 01a0eaf6-b5dd-7001-9b00-fd433d8bd435: no forced IDR in the subprocess encoder; next IDR within GOP 120
2026/09/29 02:20:35.177281 [01a0eaf6-8041-7001-adc4-e6b5e2fde1c1] PLI/FIR from peer 01a0eaf6-b5dd-7001-9b00-fd433d8bd435: no forced IDR in the subprocess encoder; next IDR within GOP 120
2026/09/29 02:21:35.039179 [01a0eaf6-8041-7001-adc4-e6b5e2fde1c1] play_peer_close 01a0eaf6-a57c-7001-bb2f-fcee03fa76fe
2026/09/29 02:21:35.086736 [01a0eaf6-8041-7001-adc4-e6b5e2fde1c1] play_peer_close 01a0eaf6-b5dd-7001-9b00-fd433d8bd435
2026/09/29 02:21:35.129902 [01a0eaf6-8041-7001-adc4-e6b5e2fde1c1] no connected peer: encoder and export stopped
2026/09/29 02:21:37.493570 [01a0eaf6-8041-7001-adc4-e6b5e2fde1c1] killed godot job pids=[1604 7080 8076] err=<nil>
2026/09/29 02:21:37.603203 [01a0eaf6-8041-7001-adc4-e6b5e2fde1c1] removed checkout C:\Users\slaps\play-host-dev-01a0dbd6\checkouts\01a0ea90-643edd99da14 in 109ms err=<nil>
2026/09/29 02:21:37.603203 [01a0eaf6-8041-7001-adc4-e6b5e2fde1c1] session ended: stage 5 run over 01a0dbd6
