2026/09/29 02:13:12.227649 [01a0eaef-ffc8-7001-b27f-06c67469b21e] status building: Preparing task/01a0ea90-0f73-7001-8f5f-07b3db421896 at 643edd99da14
2026/09/29 02:13:16.485719 launch: C:\Users\slaps\AppData\Local\Microsoft\WinGet\Packages\GodotEngine.GodotEngine_Microsoft.Winget.Source_8wekyb3d8bbwe\Godot_v4.7.2-stable_win64_console.exe [--path C:\Users\slaps\play-host-dev-01a0dbd6\checkouts\01a0ea90-643edd99da14 --rendering-driver vulkan --resolution 1280x720 --windowed -- --suite-play-session=01a0eaef-ffc8-7001-b27f-06c67469b21e --suite-play-port=40321 --suite-play-fps=60]
2026/09/29 02:13:16.490979 [01a0eaef-ffc8-7001-b27f-06c67469b21e] godot pid 11712 job [11712] dir C:\Users\slaps\play-host-dev-01a0dbd6\checkouts\01a0ea90-643edd99da14
2026/09/29 02:13:17.228504 [01a0eaef-ffc8-7001-b27f-06c67469b21e] status building: Starting the game
2026/09/29 02:13:17.541085 [01a0eaef-ffc8-7001-b27f-06c67469b21e] ice udp mux listening on [192.168.1.107:40310]
2026/09/29 02:13:17.600693 [01a0eaef-ffc8-7001-b27f-06c67469b21e] offer (peer v1): gathered in 60ms partial=false host=2 srflx=4 relay=4
2026/09/29 02:13:17.602337 [01a0eaef-ffc8-7001-b27f-06c67469b21e] status connecting: Waiting for the viewer
2026/09/29 02:13:23.301057 [01a0eaef-ffc8-7001-b27f-06c67469b21e] play_peer_open 01a0eaf0-2b0b-7001-93f9-3d8bba5108af
2026/09/29 02:13:23.301057 [01a0eaef-ffc8-7001-b27f-06c67469b21e] core sent multi-peer frames: closing the v1 peer
2026/09/29 02:13:23.936760 [01a0eaef-ffc8-7001-b27f-06c67469b21e] play_peer_close 01a0eaf0-2b0b-7001-93f9-3d8bba5108af
2026/09/29 02:13:24.681703 [01a0eaef-ffc8-7001-b27f-06c67469b21e] play_peer_open 01a0eaf0-306f-7001-b8cb-661ef0b6bd7b
2026/09/29 02:13:24.744653 [01a0eaef-ffc8-7001-b27f-06c67469b21e] offer (peer 01a0eaf0-306f-7001-b8cb-661ef0b6bd7b): gathered in 63ms partial=false host=2 srflx=4 relay=4
2026/09/29 02:13:24.744653 [01a0eaef-ffc8-7001-b27f-06c67469b21e] status connecting: Waiting for the viewer
2026/09/29 02:13:25.479211 [01a0eaef-ffc8-7001-b27f-06c67469b21e] viewer connected (peer 01a0eaf0-306f-7001-b8cb-661ef0b6bd7b): host 192.168.1.107:40310 <-> srflx 192.168.1.200:60166
2026/09/29 02:13:25.507956 [01a0eaef-ffc8-7001-b27f-06c67469b21e] encoder started 1028x720 p1-ll-8000k-720p60-g120: -hide_banner -loglevel warning -nostats -y -f rawvideo -pix_fmt rgba -video_size 1028x720 -framerate 60 -use_wallclock_as_timestamps 1 -fflags nobuffer -flags low_delay -probesize 32 -i pipe:0 -fps_mode passthrough -c:v h264_nvenc -preset p1 -tune ll -rc cbr -b:v 8000k -maxrate 8000k -bufsize 266k -zerolatency 1 -delay 0 -rc-lookahead 0 -bf 0 -profile:v baseline -forced-idr 1 -g 120 -bsf:v dump_extra=freq=keyframe -an -flush_packets 1 -f rtp -payload_type 96 rtp://127.0.0.1:40331?pkt_size=1200
2026/09/29 02:13:25.657858 [01a0eaef-ffc8-7001-b27f-06c67469b21e] status live: Streaming 1028x720 at 60 fps (p1/ll 8000 kbps, GOP 120); asked for 1280x720
2026/09/29 02:13:28.879320 [01a0eaef-ffc8-7001-b27f-06c67469b21e] play_peer_open 01a0eaf0-40d6-7001-9613-77fa8a7e06b1
2026/09/29 02:13:28.948026 [01a0eaef-ffc8-7001-b27f-06c67469b21e] offer (peer 01a0eaf0-40d6-7001-9613-77fa8a7e06b1): gathered in 67ms partial=false host=2 srflx=4 relay=4
2026/09/29 02:13:29.307810 [01a0eaef-ffc8-7001-b27f-06c67469b21e] play_peer_open 01a0eaf0-4281-7001-90fb-ab951d84265d
2026/09/29 02:13:29.370645 [01a0eaef-ffc8-7001-b27f-06c67469b21e] offer (peer 01a0eaf0-4281-7001-90fb-ab951d84265d): gathered in 62ms partial=false host=2 srflx=4 relay=4
2026/09/29 02:13:30.072876 [01a0eaef-ffc8-7001-b27f-06c67469b21e] viewer connected (peer 01a0eaf0-4281-7001-90fb-ab951d84265d): host 192.168.1.107:40310 <-> srflx 192.168.1.200:50682
2026/09/29 02:13:30.073392 [01a0eaef-ffc8-7001-b27f-06c67469b21e] PLI/FIR from peer 01a0eaf0-4281-7001-90fb-ab951d84265d: no forced IDR in the subprocess encoder; next IDR within GOP 120
2026/09/29 02:13:30.209812 [01a0eaef-ffc8-7001-b27f-06c67469b21e] PLI/FIR from peer 01a0eaf0-4281-7001-90fb-ab951d84265d: no forced IDR in the subprocess encoder; next IDR within GOP 120
2026/09/29 02:13:30.414463 [01a0eaef-ffc8-7001-b27f-06c67469b21e] PLI/FIR from peer 01a0eaf0-4281-7001-90fb-ab951d84265d: no forced IDR in the subprocess encoder; next IDR within GOP 120
2026/09/29 02:13:30.616921 [01a0eaef-ffc8-7001-b27f-06c67469b21e] PLI/FIR from peer 01a0eaf0-4281-7001-90fb-ab951d84265d: no forced IDR in the subprocess encoder; next IDR within GOP 120
2026/09/29 02:13:30.820018 [01a0eaef-ffc8-7001-b27f-06c67469b21e] PLI/FIR from peer 01a0eaf0-4281-7001-90fb-ab951d84265d: no forced IDR in the subprocess encoder; next IDR within GOP 120
2026/09/29 02:13:31.023407 [01a0eaef-ffc8-7001-b27f-06c67469b21e] PLI/FIR from peer 01a0eaf0-4281-7001-90fb-ab951d84265d: no forced IDR in the subprocess encoder; next IDR within GOP 120
2026/09/29 02:13:31.225705 [01a0eaef-ffc8-7001-b27f-06c67469b21e] PLI/FIR from peer 01a0eaf0-4281-7001-90fb-ab951d84265d: no forced IDR in the subprocess encoder; next IDR within GOP 120
2026/09/29 02:13:31.428446 [01a0eaef-ffc8-7001-b27f-06c67469b21e] PLI/FIR from peer 01a0eaf0-4281-7001-90fb-ab951d84265d: no forced IDR in the subprocess encoder; next IDR within GOP 120
2026/09/29 02:13:34.834795 [01a0eaef-ffc8-7001-b27f-06c67469b21e] play_peer_open 01a0eaf0-5818-7001-821b-dc06452d2881
2026/09/29 02:13:34.900753 [01a0eaef-ffc8-7001-b27f-06c67469b21e] offer (peer 01a0eaf0-5818-7001-821b-dc06452d2881): gathered in 66ms partial=false host=2 srflx=4 relay=4
2026/09/29 02:13:35.192135 [01a0eaef-ffc8-7001-b27f-06c67469b21e] play_peer_close 01a0eaf0-5818-7001-821b-dc06452d2881
2026/09/29 02:13:35.352654 [01a0eaef-ffc8-7001-b27f-06c67469b21e] play_peer_open 01a0eaf0-5a1f-7001-b519-308a2b73abb4
2026/09/29 02:13:40.418672 [01a0eaef-ffc8-7001-b27f-06c67469b21e] offer (peer 01a0eaf0-5a1f-7001-b519-308a2b73abb4): gathered in 5.066s partial=true host=2 srflx=2 relay=4
2026/09/29 02:13:41.584755 [01a0eaef-ffc8-7001-b27f-06c67469b21e] viewer connected (peer 01a0eaf0-5a1f-7001-b519-308a2b73abb4): host 192.168.1.107:40310 <-> prflx 192.168.1.234:40177
2026/09/29 02:13:41.598056 [01a0eaef-ffc8-7001-b27f-06c67469b21e] PLI/FIR from peer 01a0eaf0-5a1f-7001-b519-308a2b73abb4: no forced IDR in the subprocess encoder; next IDR within GOP 120
2026/09/29 02:13:41.648052 [01a0eaef-ffc8-7001-b27f-06c67469b21e] PLI/FIR from peer 01a0eaf0-5a1f-7001-b519-308a2b73abb4: no forced IDR in the subprocess encoder; next IDR within GOP 120
2026/09/29 02:13:41.850962 [01a0eaef-ffc8-7001-b27f-06c67469b21e] PLI/FIR from peer 01a0eaf0-5a1f-7001-b519-308a2b73abb4: no forced IDR in the subprocess encoder; next IDR within GOP 120
2026/09/29 02:13:42.054823 [01a0eaef-ffc8-7001-b27f-06c67469b21e] PLI/FIR from peer 01a0eaf0-5a1f-7001-b519-308a2b73abb4: no forced IDR in the subprocess encoder; next IDR within GOP 120
2026/09/29 02:13:42.257409 [01a0eaef-ffc8-7001-b27f-06c67469b21e] PLI/FIR from peer 01a0eaf0-5a1f-7001-b519-308a2b73abb4: no forced IDR in the subprocess encoder; next IDR within GOP 120
2026/09/29 02:13:42.461064 [01a0eaef-ffc8-7001-b27f-06c67469b21e] PLI/FIR from peer 01a0eaf0-5a1f-7001-b519-308a2b73abb4: no forced IDR in the subprocess encoder; next IDR within GOP 120
2026/09/29 02:13:42.664420 [01a0eaef-ffc8-7001-b27f-06c67469b21e] PLI/FIR from peer 01a0eaf0-5a1f-7001-b519-308a2b73abb4: no forced IDR in the subprocess encoder; next IDR within GOP 120
2026/09/29 02:13:42.867369 [01a0eaef-ffc8-7001-b27f-06c67469b21e] PLI/FIR from peer 01a0eaf0-5a1f-7001-b519-308a2b73abb4: no forced IDR in the subprocess encoder; next IDR within GOP 120
2026/09/29 02:13:43.068934 [01a0eaef-ffc8-7001-b27f-06c67469b21e] PLI/FIR from peer 01a0eaf0-5a1f-7001-b519-308a2b73abb4: no forced IDR in the subprocess encoder; next IDR within GOP 120
2026/09/29 02:13:43.273472 [01a0eaef-ffc8-7001-b27f-06c67469b21e] PLI/FIR from peer 01a0eaf0-5a1f-7001-b519-308a2b73abb4: no forced IDR in the subprocess encoder; next IDR within GOP 120
2026/09/29 02:13:43.475817 [01a0eaef-ffc8-7001-b27f-06c67469b21e] PLI/FIR from peer 01a0eaf0-5a1f-7001-b519-308a2b73abb4: no forced IDR in the subprocess encoder; next IDR within GOP 120
2026/09/29 02:13:45.497903 [01a0eaef-ffc8-7001-b27f-06c67469b21e] play_peer_open 01a0eaf0-81bf-7001-9602-345fb9f9e2ad
2026/09/29 02:13:46.028598 [01a0eaef-ffc8-7001-b27f-06c67469b21e] play_peer_close 01a0eaf0-81bf-7001-9602-345fb9f9e2ad
2026/09/29 02:13:46.182867 [01a0eaef-ffc8-7001-b27f-06c67469b21e] play_peer_open 01a0eaf0-846c-7001-865b-690e5bfb5e14
2026/09/29 02:13:46.246484 [01a0eaef-ffc8-7001-b27f-06c67469b21e] offer (peer 01a0eaf0-846c-7001-865b-690e5bfb5e14): gathered in 63ms partial=false host=2 srflx=2 relay=4
2026/09/29 02:13:47.413289 [01a0eaef-ffc8-7001-b27f-06c67469b21e] viewer connected (peer 01a0eaf0-846c-7001-865b-690e5bfb5e14): host 192.168.1.107:40310 <-> prflx 192.168.1.234:40124
2026/09/29 02:13:47.415827 [01a0eaef-ffc8-7001-b27f-06c67469b21e] PLI/FIR from peer 01a0eaf0-846c-7001-865b-690e5bfb5e14: no forced IDR in the subprocess encoder; next IDR within GOP 120
2026/09/29 02:13:47.491060 [01a0eaef-ffc8-7001-b27f-06c67469b21e] PLI/FIR from peer 01a0eaf0-846c-7001-865b-690e5bfb5e14: no forced IDR in the subprocess encoder; next IDR within GOP 120
2026/09/29 02:13:49.482223 [01a0eaef-ffc8-7001-b27f-06c67469b21e] play_peer_open 01a0eaf0-9150-7001-af1e-556b0da623a6
2026/09/29 02:13:49.548149 [01a0eaef-ffc8-7001-b27f-06c67469b21e] offer (peer 01a0eaf0-9150-7001-af1e-556b0da623a6): gathered in 66ms partial=false host=2 srflx=0 relay=4
2026/09/29 02:13:49.962980 [01a0eaef-ffc8-7001-b27f-06c67469b21e] play_peer_close 01a0eaf0-9150-7001-af1e-556b0da623a6
2026/09/29 02:13:50.165714 [01a0eaef-ffc8-7001-b27f-06c67469b21e] play_peer_open 01a0eaf0-93fc-7001-b00f-809e17a4caa8
2026/09/29 02:13:50.230705 [01a0eaef-ffc8-7001-b27f-06c67469b21e] offer (peer 01a0eaf0-93fc-7001-b00f-809e17a4caa8): gathered in 65ms partial=false host=2 srflx=0 relay=4
2026/09/29 02:13:51.535417 [01a0eaef-ffc8-7001-b27f-06c67469b21e] viewer connected (peer 01a0eaf0-93fc-7001-b00f-809e17a4caa8): host 192.168.1.107:40310 <-> prflx 192.168.1.234:40011
2026/09/29 02:13:51.547881 [01a0eaef-ffc8-7001-b27f-06c67469b21e] PLI/FIR from peer 01a0eaf0-93fc-7001-b00f-809e17a4caa8: no forced IDR in the subprocess encoder; next IDR within GOP 120
2026/09/29 02:13:53.490230 [01a0eaef-ffc8-7001-b27f-06c67469b21e] play_peer_open 01a0eaf0-a0f9-7001-acc3-d8cf3b18e8df
2026/09/29 02:13:53.942820 [01a0eaef-ffc8-7001-b27f-06c67469b21e] play_peer_close 01a0eaf0-a0f9-7001-acc3-d8cf3b18e8df
2026/09/29 02:13:54.155881 [01a0eaef-ffc8-7001-b27f-06c67469b21e] play_peer_open 01a0eaf0-a391-7001-ba20-e468251162d4
2026/09/29 02:13:54.218925 [01a0eaef-ffc8-7001-b27f-06c67469b21e] offer (peer 01a0eaf0-a391-7001-ba20-e468251162d4): gathered in 63ms partial=false host=2 srflx=0 relay=4
2026/09/29 02:13:55.520978 [01a0eaef-ffc8-7001-b27f-06c67469b21e] viewer connected (peer 01a0eaf0-a391-7001-ba20-e468251162d4): host 192.168.1.107:40310 <-> prflx 192.168.1.234:40030
2026/09/29 02:13:55.531421 [01a0eaef-ffc8-7001-b27f-06c67469b21e] PLI/FIR from peer 01a0eaf0-a391-7001-ba20-e468251162d4: no forced IDR in the subprocess encoder; next IDR within GOP 120
2026/09/29 02:13:57.743230 [01a0eaef-ffc8-7001-b27f-06c67469b21e] play_peer_open 01a0eaf0-b194-7001-87dd-552d43da153b
2026/09/29 02:13:57.808993 [01a0eaef-ffc8-7001-b27f-06c67469b21e] offer (peer 01a0eaf0-b194-7001-87dd-552d43da153b): gathered in 66ms partial=false host=2 srflx=0 relay=4
2026/09/29 02:13:58.105093 [01a0eaef-ffc8-7001-b27f-06c67469b21e] play_peer_close 01a0eaf0-b194-7001-87dd-552d43da153b
2026/09/29 02:13:58.316058 [01a0eaef-ffc8-7001-b27f-06c67469b21e] play_peer_open 01a0eaf0-b3d1-7001-a9d1-aad6a5e08f4b
2026/09/29 02:13:58.382224 [01a0eaef-ffc8-7001-b27f-06c67469b21e] offer (peer 01a0eaf0-b3d1-7001-a9d1-aad6a5e08f4b): gathered in 66ms partial=false host=2 srflx=0 relay=4
2026/09/29 02:13:59.690405 [01a0eaef-ffc8-7001-b27f-06c67469b21e] viewer connected (peer 01a0eaf0-b3d1-7001-a9d1-aad6a5e08f4b): host 192.168.1.107:40310 <-> prflx 192.168.1.234:40150
2026/09/29 02:13:59.698240 [01a0eaef-ffc8-7001-b27f-06c67469b21e] PLI/FIR from peer 01a0eaf0-b3d1-7001-a9d1-aad6a5e08f4b: no forced IDR in the subprocess encoder; next IDR within GOP 120
2026/09/29 02:13:59.818988 [01a0eaef-ffc8-7001-b27f-06c67469b21e] PLI/FIR from peer 01a0eaf0-b3d1-7001-a9d1-aad6a5e08f4b: no forced IDR in the subprocess encoder; next IDR within GOP 120
2026/09/29 02:14:00.023404 [01a0eaef-ffc8-7001-b27f-06c67469b21e] PLI/FIR from peer 01a0eaf0-b3d1-7001-a9d1-aad6a5e08f4b: no forced IDR in the subprocess encoder; next IDR within GOP 120
2026/09/29 02:14:00.225861 [01a0eaef-ffc8-7001-b27f-06c67469b21e] PLI/FIR from peer 01a0eaf0-b3d1-7001-a9d1-aad6a5e08f4b: no forced IDR in the subprocess encoder; next IDR within GOP 120
2026/09/29 02:14:00.428590 [01a0eaef-ffc8-7001-b27f-06c67469b21e] PLI/FIR from peer 01a0eaf0-b3d1-7001-a9d1-aad6a5e08f4b: no forced IDR in the subprocess encoder; next IDR within GOP 120
2026/09/29 02:14:00.632990 [01a0eaef-ffc8-7001-b27f-06c67469b21e] PLI/FIR from peer 01a0eaf0-b3d1-7001-a9d1-aad6a5e08f4b: no forced IDR in the subprocess encoder; next IDR within GOP 120
2026/09/29 02:14:00.834646 [01a0eaef-ffc8-7001-b27f-06c67469b21e] PLI/FIR from peer 01a0eaf0-b3d1-7001-a9d1-aad6a5e08f4b: no forced IDR in the subprocess encoder; next IDR within GOP 120
2026/09/29 02:14:01.039178 [01a0eaef-ffc8-7001-b27f-06c67469b21e] PLI/FIR from peer 01a0eaf0-b3d1-7001-a9d1-aad6a5e08f4b: no forced IDR in the subprocess encoder; next IDR within GOP 120
2026/09/29 02:14:01.242349 [01a0eaef-ffc8-7001-b27f-06c67469b21e] PLI/FIR from peer 01a0eaf0-b3d1-7001-a9d1-aad6a5e08f4b: no forced IDR in the subprocess encoder; next IDR within GOP 120
2026/09/29 02:14:01.444233 [01a0eaef-ffc8-7001-b27f-06c67469b21e] PLI/FIR from peer 01a0eaf0-b3d1-7001-a9d1-aad6a5e08f4b: no forced IDR in the subprocess encoder; next IDR within GOP 120
2026/09/29 02:14:36.040627 [01a0eaef-ffc8-7001-b27f-06c67469b21e] play_peer_close 01a0eaf0-306f-7001-b8cb-661ef0b6bd7b
2026/09/29 02:14:36.088229 [01a0eaef-ffc8-7001-b27f-06c67469b21e] play_peer_close 01a0eaf0-4281-7001-90fb-ab951d84265d
2026/09/29 02:14:36.108251 [01a0eaef-ffc8-7001-b27f-06c67469b21e] play_peer_close 01a0eaf0-40d6-7001-9613-77fa8a7e06b1
2026/09/29 02:14:36.136629 [01a0eaef-ffc8-7001-b27f-06c67469b21e] play_peer_close 01a0eaf0-5a1f-7001-b519-308a2b73abb4
2026/09/29 02:14:36.183408 [01a0eaef-ffc8-7001-b27f-06c67469b21e] play_peer_close 01a0eaf0-846c-7001-865b-690e5bfb5e14
2026/09/29 02:14:36.230382 [01a0eaef-ffc8-7001-b27f-06c67469b21e] play_peer_close 01a0eaf0-93fc-7001-b00f-809e17a4caa8
2026/09/29 02:14:36.279286 [01a0eaef-ffc8-7001-b27f-06c67469b21e] play_peer_close 01a0eaf0-a391-7001-ba20-e468251162d4
2026/09/29 02:14:36.326230 [01a0eaef-ffc8-7001-b27f-06c67469b21e] play_peer_close 01a0eaf0-b3d1-7001-a9d1-aad6a5e08f4b
2026/09/29 02:14:36.376208 [01a0eaef-ffc8-7001-b27f-06c67469b21e] no connected peer: encoder and export stopped
2026/09/29 02:14:39.148124 [01a0eaef-ffc8-7001-b27f-06c67469b21e] killed godot job pids=[11712 11284 9192] err=<nil>
2026/09/29 02:14:39.256994 [01a0eaef-ffc8-7001-b27f-06c67469b21e] removed checkout C:\Users\slaps\play-host-dev-01a0dbd6\checkouts\01a0ea90-643edd99da14 in 108ms err=<nil>
2026/09/29 02:14:39.257497 [01a0eaef-ffc8-7001-b27f-06c67469b21e] session ended: stage 5 run over 01a0dbd6
