2026/09/29 01:31:27.542493 [01a0eac9-c7d3-7001-906f-f87a6145ebb2] status building: Preparing task/01a0ea90-0f73-7001-8f5f-07b3db421896 at 643edd99da14
2026/09/29 01:31:31.625970 launch: C:\Users\slaps\AppData\Local\Microsoft\WinGet\Packages\GodotEngine.GodotEngine_Microsoft.Winget.Source_8wekyb3d8bbwe\Godot_v4.7.2-stable_win64_console.exe [--path C:\Users\slaps\play-host-dev-01a0dbd6\checkouts\01a0ea90-643edd99da14 --rendering-driver vulkan --resolution 1280x720 --windowed -- --suite-play-session=01a0eac9-c7d3-7001-906f-f87a6145ebb2 --suite-play-port=40321 --suite-play-fps=60]
2026/09/29 01:31:31.630637 [01a0eac9-c7d3-7001-906f-f87a6145ebb2] godot pid 5956 job [5956] dir C:\Users\slaps\play-host-dev-01a0dbd6\checkouts\01a0ea90-643edd99da14
2026/09/29 01:31:32.543346 [01a0eac9-c7d3-7001-906f-f87a6145ebb2] status building: Starting the game
2026/09/29 01:31:32.659554 [01a0eac9-c7d3-7001-906f-f87a6145ebb2] ice udp mux listening on [192.168.1.107:40310]
2026/09/29 01:31:32.692407 [01a0eac9-c7d3-7001-906f-f87a6145ebb2] offer (peer v1): gathered in 32ms partial=false host=2 srflx=4 relay=4
2026/09/29 01:31:32.692407 [01a0eac9-c7d3-7001-906f-f87a6145ebb2] status connecting: Waiting for the viewer
2026/09/29 01:31:38.597507 [01a0eac9-c7d3-7001-906f-f87a6145ebb2] play_peer_open 01a0eac9-f303-7001-8bec-dac471357549
2026/09/29 01:31:38.597507 [01a0eac9-c7d3-7001-906f-f87a6145ebb2] core sent multi-peer frames: closing the v1 peer
2026/09/29 01:31:39.349341 [01a0eac9-c7d3-7001-906f-f87a6145ebb2] play_peer_close 01a0eac9-f303-7001-8bec-dac471357549
2026/09/29 01:31:39.488453 [01a0eac9-c7d3-7001-906f-f87a6145ebb2] play_peer_open 01a0eac9-f67d-7001-ae75-325c535d96ae
2026/09/29 01:31:39.520350 [01a0eac9-c7d3-7001-906f-f87a6145ebb2] offer (peer 01a0eac9-f67d-7001-ae75-325c535d96ae): gathered in 32ms partial=false host=2 srflx=4 relay=4
2026/09/29 01:31:39.520350 [01a0eac9-c7d3-7001-906f-f87a6145ebb2] status connecting: Waiting for the viewer
2026/09/29 01:31:40.220929 [01a0eac9-c7d3-7001-906f-f87a6145ebb2] viewer connected (peer 01a0eac9-f67d-7001-ae75-325c535d96ae): host 192.168.1.107:40310 <-> srflx 192.168.1.200:38926
2026/09/29 01:31:40.251116 [01a0eac9-c7d3-7001-906f-f87a6145ebb2] encoder started 1028x720 p1-ll-8000k-720p60-g120: -hide_banner -loglevel warning -nostats -y -f rawvideo -pix_fmt rgba -video_size 1028x720 -framerate 60 -use_wallclock_as_timestamps 1 -fflags nobuffer -flags low_delay -probesize 32 -i pipe:0 -fps_mode passthrough -c:v h264_nvenc -preset p1 -tune ll -rc cbr -b:v 8000k -maxrate 8000k -bufsize 266k -zerolatency 1 -delay 0 -rc-lookahead 0 -bf 0 -profile:v baseline -forced-idr 1 -g 120 -bsf:v dump_extra=freq=keyframe -an -flush_packets 1 -f rtp -payload_type 96 rtp://127.0.0.1:40331?pkt_size=1200
2026/09/29 01:31:40.398837 [01a0eac9-c7d3-7001-906f-f87a6145ebb2] status live: Streaming 1028x720 at 60 fps (p1/ll 8000 kbps, GOP 120); asked for 1280x720
2026/09/29 01:32:44.198243 [01a0eac9-c7d3-7001-906f-f87a6145ebb2] play_peer_close 01a0eac9-f67d-7001-ae75-325c535d96ae
2026/09/29 01:32:44.238382 [01a0eac9-c7d3-7001-906f-f87a6145ebb2] no connected peer: encoder and export stopped
2026/09/29 01:32:46.567360 [01a0eac9-c7d3-7001-906f-f87a6145ebb2] killed godot job pids=[5956 1016 13480] err=<nil>
2026/09/29 01:32:46.678010 [01a0eac9-c7d3-7001-906f-f87a6145ebb2] removed checkout C:\Users\slaps\play-host-dev-01a0dbd6\checkouts\01a0ea90-643edd99da14 in 110ms err=<nil>
2026/09/29 01:32:46.678514 [01a0eac9-c7d3-7001-906f-f87a6145ebb2] session ended: stage 5 run over 01a0dbd6
