2026/09/29 01:52:26.588933 [01a0eadc-fdfe-7001-89eb-4909ad7b6046] status building: Preparing task/01a0ea90-0f73-7001-8f5f-07b3db421896 at 643edd99da14
2026/09/29 01:52:30.659134 launch: C:\Users\slaps\AppData\Local\Microsoft\WinGet\Packages\GodotEngine.GodotEngine_Microsoft.Winget.Source_8wekyb3d8bbwe\Godot_v4.7.2-stable_win64_console.exe [--path C:\Users\slaps\play-host-dev-01a0dbd6\checkouts\01a0ea90-643edd99da14 --rendering-driver vulkan --resolution 1280x720 --windowed -- --suite-play-session=01a0eadc-fdfe-7001-89eb-4909ad7b6046 --suite-play-port=40321 --suite-play-fps=60]
2026/09/29 01:52:30.664344 [01a0eadc-fdfe-7001-89eb-4909ad7b6046] godot pid 10528 job [10528] dir C:\Users\slaps\play-host-dev-01a0dbd6\checkouts\01a0ea90-643edd99da14
2026/09/29 01:52:31.589486 [01a0eadc-fdfe-7001-89eb-4909ad7b6046] status building: Starting the game
2026/09/29 01:52:31.716624 [01a0eadc-fdfe-7001-89eb-4909ad7b6046] ice udp mux listening on [192.168.1.107:40310]
2026/09/29 01:52:36.776260 [01a0eadc-fdfe-7001-89eb-4909ad7b6046] offer (peer v1): gathered in 5.059s partial=true host=2 srflx=2 relay=4
2026/09/29 01:52:36.776260 [01a0eadc-fdfe-7001-89eb-4909ad7b6046] status connecting: Waiting for the viewer
2026/09/29 01:52:42.698510 [01a0eadc-fdfe-7001-89eb-4909ad7b6046] play_peer_open 01a0eadd-3ced-7001-8ae0-4eead83f019d
2026/09/29 01:52:42.700020 [01a0eadc-fdfe-7001-89eb-4909ad7b6046] core sent multi-peer frames: closing the v1 peer
2026/09/29 01:52:42.765483 [01a0eadc-fdfe-7001-89eb-4909ad7b6046] offer (peer 01a0eadd-3ced-7001-8ae0-4eead83f019d): gathered in 65ms partial=false host=2 srflx=4 relay=4
2026/09/29 01:52:42.766489 [01a0eadc-fdfe-7001-89eb-4909ad7b6046] status connecting: Waiting for the viewer
2026/09/29 01:52:43.409638 [01a0eadc-fdfe-7001-89eb-4909ad7b6046] play_peer_close 01a0eadd-3ced-7001-8ae0-4eead83f019d
2026/09/29 01:52:43.551534 [01a0eadc-fdfe-7001-89eb-4909ad7b6046] play_peer_open 01a0eadd-4041-7001-a672-0bda3f2fe53d
2026/09/29 01:52:48.612158 [01a0eadc-fdfe-7001-89eb-4909ad7b6046] offer (peer 01a0eadd-4041-7001-a672-0bda3f2fe53d): gathered in 5.061s partial=true host=2 srflx=2 relay=4
2026/09/29 01:52:48.612158 [01a0eadc-fdfe-7001-89eb-4909ad7b6046] status connecting: Waiting for the viewer
2026/09/29 01:52:49.788585 [01a0eadc-fdfe-7001-89eb-4909ad7b6046] viewer connected (peer 01a0eadd-4041-7001-a672-0bda3f2fe53d): host 192.168.1.107:40310 <-> prflx 192.168.1.234:40091
2026/09/29 01:52:49.805573 [01a0eadc-fdfe-7001-89eb-4909ad7b6046] encoder started 1028x720 p1-ll-8000k-720p60-g120: -hide_banner -loglevel warning -nostats -y -f rawvideo -pix_fmt rgba -video_size 1028x720 -framerate 60 -use_wallclock_as_timestamps 1 -fflags nobuffer -flags low_delay -probesize 32 -i pipe:0 -fps_mode passthrough -c:v h264_nvenc -preset p1 -tune ll -rc cbr -b:v 8000k -maxrate 8000k -bufsize 266k -zerolatency 1 -delay 0 -rc-lookahead 0 -bf 0 -profile:v baseline -forced-idr 1 -g 120 -bsf:v dump_extra=freq=keyframe -an -flush_packets 1 -f rtp -payload_type 96 rtp://127.0.0.1:40331?pkt_size=1200
2026/09/29 01:52:49.963230 [01a0eadc-fdfe-7001-89eb-4909ad7b6046] status live: Streaming 1028x720 at 60 fps (p1/ll 8000 kbps, GOP 120); asked for 1280x720
2026/09/29 01:53:49.280033 [01a0eadc-fdfe-7001-89eb-4909ad7b6046] play_peer_close 01a0eadd-4041-7001-a672-0bda3f2fe53d
2026/09/29 01:53:49.327775 [01a0eadc-fdfe-7001-89eb-4909ad7b6046] no connected peer: encoder and export stopped
2026/09/29 01:53:51.849412 [01a0eadc-fdfe-7001-89eb-4909ad7b6046] killed godot job pids=[10528 9132 13400] err=<nil>
2026/09/29 01:53:51.960049 [01a0eadc-fdfe-7001-89eb-4909ad7b6046] removed checkout C:\Users\slaps\play-host-dev-01a0dbd6\checkouts\01a0ea90-643edd99da14 in 109ms err=<nil>
2026/09/29 01:53:51.960555 [01a0eadc-fdfe-7001-89eb-4909ad7b6046] session ended: stage 5 run over 01a0dbd6
