2026/09/29 02:02:01.876023 [01a0eae5-c537-7001-aa82-f8ccfcf62e3c] status building: Preparing task/01a0ea90-0f73-7001-8f5f-07b3db421896 at 643edd99da14
2026/09/29 02:02:06.248361 launch: C:\Users\slaps\AppData\Local\Microsoft\WinGet\Packages\GodotEngine.GodotEngine_Microsoft.Winget.Source_8wekyb3d8bbwe\Godot_v4.7.2-stable_win64_console.exe [--path C:\Users\slaps\play-host-dev-01a0dbd6\checkouts\01a0ea90-643edd99da14 --rendering-driver vulkan --resolution 1280x720 --windowed -- --suite-play-session=01a0eae5-c537-7001-aa82-f8ccfcf62e3c --suite-play-port=40321 --suite-play-fps=60]
2026/09/29 02:02:06.253072 [01a0eae5-c537-7001-aa82-f8ccfcf62e3c] godot pid 12592 job [12592] dir C:\Users\slaps\play-host-dev-01a0dbd6\checkouts\01a0ea90-643edd99da14
2026/09/29 02:02:06.876835 [01a0eae5-c537-7001-aa82-f8ccfcf62e3c] status building: Starting the game
2026/09/29 02:02:07.305267 [01a0eae5-c537-7001-aa82-f8ccfcf62e3c] ice udp mux listening on [192.168.1.107:40310]
2026/09/29 02:02:07.366966 [01a0eae5-c537-7001-aa82-f8ccfcf62e3c] offer (peer v1): gathered in 62ms partial=false host=2 srflx=4 relay=4
2026/09/29 02:02:07.366966 [01a0eae5-c537-7001-aa82-f8ccfcf62e3c] status connecting: Waiting for the viewer
2026/09/29 02:02:12.970836 [01a0eae5-c537-7001-aa82-f8ccfcf62e3c] play_peer_open 01a0eae5-f08e-7001-9351-dbd6c4a36376
2026/09/29 02:02:12.970836 [01a0eae5-c537-7001-aa82-f8ccfcf62e3c] core sent multi-peer frames: closing the v1 peer
2026/09/29 02:02:13.035605 [01a0eae5-c537-7001-aa82-f8ccfcf62e3c] offer (peer 01a0eae5-f08e-7001-9351-dbd6c4a36376): gathered in 65ms partial=false host=2 srflx=4 relay=4
2026/09/29 02:02:13.035605 [01a0eae5-c537-7001-aa82-f8ccfcf62e3c] status connecting: Waiting for the viewer
2026/09/29 02:02:13.544259 [01a0eae5-c537-7001-aa82-f8ccfcf62e3c] play_peer_close 01a0eae5-f08e-7001-9351-dbd6c4a36376
2026/09/29 02:02:13.789638 [01a0eae5-c537-7001-aa82-f8ccfcf62e3c] play_peer_open 01a0eae5-f3c1-7001-814c-91b93498b3cc
2026/09/29 02:02:13.851572 [01a0eae5-c537-7001-aa82-f8ccfcf62e3c] offer (peer 01a0eae5-f3c1-7001-814c-91b93498b3cc): gathered in 62ms partial=false host=2 srflx=4 relay=4
2026/09/29 02:02:13.851572 [01a0eae5-c537-7001-aa82-f8ccfcf62e3c] status connecting: Waiting for the viewer
2026/09/29 02:02:15.075763 [01a0eae5-c537-7001-aa82-f8ccfcf62e3c] viewer connected (peer 01a0eae5-f3c1-7001-814c-91b93498b3cc): host 192.168.1.107:40310 <-> prflx 192.168.1.234:40159
2026/09/29 02:02:15.091624 [01a0eae5-c537-7001-aa82-f8ccfcf62e3c] encoder started 1028x720 p1-ll-8000k-720p60-g120: -hide_banner -loglevel warning -nostats -y -f rawvideo -pix_fmt rgba -video_size 1028x720 -framerate 60 -use_wallclock_as_timestamps 1 -fflags nobuffer -flags low_delay -probesize 32 -i pipe:0 -fps_mode passthrough -c:v h264_nvenc -preset p1 -tune ll -rc cbr -b:v 8000k -maxrate 8000k -bufsize 266k -zerolatency 1 -delay 0 -rc-lookahead 0 -bf 0 -profile:v baseline -forced-idr 1 -g 120 -bsf:v dump_extra=freq=keyframe -an -flush_packets 1 -f rtp -payload_type 96 rtp://127.0.0.1:40331?pkt_size=1200
2026/09/29 02:02:15.232849 [01a0eae5-c537-7001-aa82-f8ccfcf62e3c] status live: Streaming 1028x720 at 60 fps (p1/ll 8000 kbps, GOP 120); asked for 1280x720
2026/09/29 02:02:17.305115 [01a0eae5-c537-7001-aa82-f8ccfcf62e3c] play_peer_open 01a0eae6-017d-7001-a932-a259957cc842
2026/09/29 02:02:17.750254 [01a0eae5-c537-7001-aa82-f8ccfcf62e3c] play_peer_close 01a0eae6-017d-7001-a932-a259957cc842
2026/09/29 02:02:17.872752 [01a0eae5-c537-7001-aa82-f8ccfcf62e3c] play_peer_open 01a0eae6-03b5-7001-87f2-524f4a035b3b
2026/09/29 02:02:17.938137 [01a0eae5-c537-7001-aa82-f8ccfcf62e3c] offer (peer 01a0eae6-03b5-7001-87f2-524f4a035b3b): gathered in 65ms partial=false host=2 srflx=4 relay=4
2026/09/29 02:02:19.152342 [01a0eae5-c537-7001-aa82-f8ccfcf62e3c] viewer connected (peer 01a0eae6-03b5-7001-87f2-524f4a035b3b): host 192.168.1.107:40310 <-> prflx 192.168.1.234:40169
2026/09/29 02:02:19.167422 [01a0eae5-c537-7001-aa82-f8ccfcf62e3c] PLI/FIR from peer 01a0eae6-03b5-7001-87f2-524f4a035b3b: no forced IDR in the subprocess encoder; next IDR within GOP 120
2026/09/29 02:02:19.181800 [01a0eae5-c537-7001-aa82-f8ccfcf62e3c] PLI/FIR from peer 01a0eae6-03b5-7001-87f2-524f4a035b3b: no forced IDR in the subprocess encoder; next IDR within GOP 120
2026/09/29 02:02:19.385080 [01a0eae5-c537-7001-aa82-f8ccfcf62e3c] PLI/FIR from peer 01a0eae6-03b5-7001-87f2-524f4a035b3b: no forced IDR in the subprocess encoder; next IDR within GOP 120
2026/09/29 02:02:19.587436 [01a0eae5-c537-7001-aa82-f8ccfcf62e3c] PLI/FIR from peer 01a0eae6-03b5-7001-87f2-524f4a035b3b: no forced IDR in the subprocess encoder; next IDR within GOP 120
2026/09/29 02:02:19.790745 [01a0eae5-c537-7001-aa82-f8ccfcf62e3c] PLI/FIR from peer 01a0eae6-03b5-7001-87f2-524f4a035b3b: no forced IDR in the subprocess encoder; next IDR within GOP 120
2026/09/29 02:02:19.994624 [01a0eae5-c537-7001-aa82-f8ccfcf62e3c] PLI/FIR from peer 01a0eae6-03b5-7001-87f2-524f4a035b3b: no forced IDR in the subprocess encoder; next IDR within GOP 120
2026/09/29 02:02:20.196358 [01a0eae5-c537-7001-aa82-f8ccfcf62e3c] PLI/FIR from peer 01a0eae6-03b5-7001-87f2-524f4a035b3b: no forced IDR in the subprocess encoder; next IDR within GOP 120
2026/09/29 02:02:20.399005 [01a0eae5-c537-7001-aa82-f8ccfcf62e3c] PLI/FIR from peer 01a0eae6-03b5-7001-87f2-524f4a035b3b: no forced IDR in the subprocess encoder; next IDR within GOP 120
2026/09/29 02:02:20.602694 [01a0eae5-c537-7001-aa82-f8ccfcf62e3c] PLI/FIR from peer 01a0eae6-03b5-7001-87f2-524f4a035b3b: no forced IDR in the subprocess encoder; next IDR within GOP 120
2026/09/29 02:02:20.807149 [01a0eae5-c537-7001-aa82-f8ccfcf62e3c] PLI/FIR from peer 01a0eae6-03b5-7001-87f2-524f4a035b3b: no forced IDR in the subprocess encoder; next IDR within GOP 120
2026/09/29 02:02:21.008835 [01a0eae5-c537-7001-aa82-f8ccfcf62e3c] PLI/FIR from peer 01a0eae6-03b5-7001-87f2-524f4a035b3b: no forced IDR in the subprocess encoder; next IDR within GOP 120
2026/09/29 02:03:29.127611 [01a0eae5-c537-7001-aa82-f8ccfcf62e3c] viewer gone (peer 01a0eae5-f3c1-7001-814c-91b93498b3cc): closed
2026/09/29 02:03:29.133337 [01a0eae5-c537-7001-aa82-f8ccfcf62e3c] play_peer_close 01a0eae5-f3c1-7001-814c-91b93498b3cc
2026/09/29 02:03:29.197835 [01a0eae5-c537-7001-aa82-f8ccfcf62e3c] play_peer_close 01a0eae6-03b5-7001-87f2-524f4a035b3b
2026/09/29 02:03:29.241659 [01a0eae5-c537-7001-aa82-f8ccfcf62e3c] no connected peer: encoder and export stopped
2026/09/29 02:03:32.059176 [01a0eae5-c537-7001-aa82-f8ccfcf62e3c] killed godot job pids=[12592 14284 6232] err=<nil>
2026/09/29 02:03:32.171521 [01a0eae5-c537-7001-aa82-f8ccfcf62e3c] removed checkout C:\Users\slaps\play-host-dev-01a0dbd6\checkouts\01a0ea90-643edd99da14 in 112ms err=<nil>
2026/09/29 02:03:32.171521 [01a0eae5-c537-7001-aa82-f8ccfcf62e3c] session ended: stage 5 run over 01a0dbd6
