2026/09/29 01:36:45.758716 [01a0eace-a2dc-7001-8f47-b44f8afad403] status building: Preparing task/01a0ea90-0f73-7001-8f5f-07b3db421896 at 643edd99da14
2026/09/29 01:36:49.888731 launch: C:\Users\slaps\AppData\Local\Microsoft\WinGet\Packages\GodotEngine.GodotEngine_Microsoft.Winget.Source_8wekyb3d8bbwe\Godot_v4.7.2-stable_win64_console.exe [--path C:\Users\slaps\play-host-dev-01a0dbd6\checkouts\01a0ea90-643edd99da14 --rendering-driver vulkan --resolution 1280x720 --windowed -- --suite-play-session=01a0eace-a2dc-7001-8f47-b44f8afad403 --suite-play-port=40321 --suite-play-fps=60]
2026/09/29 01:36:49.893389 [01a0eace-a2dc-7001-8f47-b44f8afad403] godot pid 13320 job [13320] dir C:\Users\slaps\play-host-dev-01a0dbd6\checkouts\01a0ea90-643edd99da14
2026/09/29 01:36:50.759638 [01a0eace-a2dc-7001-8f47-b44f8afad403] status building: Starting the game
2026/09/29 01:36:50.921715 [01a0eace-a2dc-7001-8f47-b44f8afad403] ice udp mux listening on [192.168.1.107:40310]
2026/09/29 01:36:55.952201 [01a0eace-a2dc-7001-8f47-b44f8afad403] offer (peer v1): gathered in 5.03s partial=true host=2 srflx=2 relay=4
2026/09/29 01:36:55.952201 [01a0eace-a2dc-7001-8f47-b44f8afad403] status connecting: Waiting for the viewer
2026/09/29 01:37:00.282693 [01a0eace-a2dc-7001-8f47-b44f8afad403] play_peer_open 01a0eace-db99-7001-81e0-501ec019694a
2026/09/29 01:37:00.282693 [01a0eace-a2dc-7001-8f47-b44f8afad403] core sent multi-peer frames: closing the v1 peer
2026/09/29 01:37:01.100224 [01a0eace-a2dc-7001-8f47-b44f8afad403] play_peer_close 01a0eace-db99-7001-81e0-501ec019694a
2026/09/29 01:37:01.249336 [01a0eace-a2dc-7001-8f47-b44f8afad403] play_peer_open 01a0eace-df60-7001-99a8-c1d88e34bb2a
2026/09/29 01:37:01.283257 [01a0eace-a2dc-7001-8f47-b44f8afad403] offer (peer 01a0eace-df60-7001-99a8-c1d88e34bb2a): gathered in 34ms partial=false host=2 srflx=4 relay=4
2026/09/29 01:37:01.283257 [01a0eace-a2dc-7001-8f47-b44f8afad403] status connecting: Waiting for the viewer
2026/09/29 01:37:01.985455 [01a0eace-a2dc-7001-8f47-b44f8afad403] viewer connected (peer 01a0eace-df60-7001-99a8-c1d88e34bb2a): host 192.168.1.107:40310 <-> srflx 192.168.1.200:45294
2026/09/29 01:37:02.006306 [01a0eace-a2dc-7001-8f47-b44f8afad403] encoder started 1028x720 p1-ll-8000k-720p60-g120: -hide_banner -loglevel warning -nostats -y -f rawvideo -pix_fmt rgba -video_size 1028x720 -framerate 60 -use_wallclock_as_timestamps 1 -fflags nobuffer -flags low_delay -probesize 32 -i pipe:0 -fps_mode passthrough -c:v h264_nvenc -preset p1 -tune ll -rc cbr -b:v 8000k -maxrate 8000k -bufsize 266k -zerolatency 1 -delay 0 -rc-lookahead 0 -bf 0 -profile:v baseline -forced-idr 1 -g 120 -bsf:v dump_extra=freq=keyframe -an -flush_packets 1 -f rtp -payload_type 96 rtp://127.0.0.1:40331?pkt_size=1200
2026/09/29 01:37:02.151080 [01a0eace-a2dc-7001-8f47-b44f8afad403] status live: Streaming 1028x720 at 60 fps (p1/ll 8000 kbps, GOP 120); asked for 1280x720
2026/09/29 01:37:04.058726 [01a0eace-a2dc-7001-8f47-b44f8afad403] play_peer_open 01a0eace-ea59-7001-9b3c-45c448906d45
2026/09/29 01:37:04.092871 [01a0eace-a2dc-7001-8f47-b44f8afad403] offer (peer 01a0eace-ea59-7001-9b3c-45c448906d45): gathered in 34ms partial=false host=2 srflx=4 relay=4
2026/09/29 01:37:04.805971 [01a0eace-a2dc-7001-8f47-b44f8afad403] play_peer_close 01a0eace-ea59-7001-9b3c-45c448906d45
2026/09/29 01:37:04.953727 [01a0eace-a2dc-7001-8f47-b44f8afad403] play_peer_open 01a0eace-edd8-7001-955c-a3d8aff043f7
2026/09/29 01:37:04.989827 [01a0eace-a2dc-7001-8f47-b44f8afad403] offer (peer 01a0eace-edd8-7001-955c-a3d8aff043f7): gathered in 36ms partial=false host=2 srflx=4 relay=4
2026/09/29 01:37:05.688984 [01a0eace-a2dc-7001-8f47-b44f8afad403] viewer connected (peer 01a0eace-edd8-7001-955c-a3d8aff043f7): host 192.168.1.107:40310 <-> srflx 192.168.1.200:54079
2026/09/29 01:37:05.700775 [01a0eace-a2dc-7001-8f47-b44f8afad403] PLI/FIR from peer 01a0eace-edd8-7001-955c-a3d8aff043f7: no forced IDR in the subprocess encoder; next IDR within GOP 120
2026/09/29 01:37:05.827708 [01a0eace-a2dc-7001-8f47-b44f8afad403] PLI/FIR from peer 01a0eace-edd8-7001-955c-a3d8aff043f7: no forced IDR in the subprocess encoder; next IDR within GOP 120
2026/09/29 01:37:06.030669 [01a0eace-a2dc-7001-8f47-b44f8afad403] PLI/FIR from peer 01a0eace-edd8-7001-955c-a3d8aff043f7: no forced IDR in the subprocess encoder; next IDR within GOP 120
2026/09/29 01:37:07.914102 [01a0eace-a2dc-7001-8f47-b44f8afad403] play_peer_open 01a0eace-f969-7001-b87e-c9b4e9b1d3b4
2026/09/29 01:37:08.522332 [01a0eace-a2dc-7001-8f47-b44f8afad403] play_peer_close 01a0eace-f969-7001-b87e-c9b4e9b1d3b4
2026/09/29 01:37:08.672569 [01a0eace-a2dc-7001-8f47-b44f8afad403] play_peer_open 01a0eace-fc5f-7001-b30b-72fc35ef7d22
2026/09/29 01:37:08.707418 [01a0eace-a2dc-7001-8f47-b44f8afad403] offer (peer 01a0eace-fc5f-7001-b30b-72fc35ef7d22): gathered in 35ms partial=false host=2 srflx=4 relay=4
2026/09/29 01:37:09.407452 [01a0eace-a2dc-7001-8f47-b44f8afad403] viewer connected (peer 01a0eace-fc5f-7001-b30b-72fc35ef7d22): host 192.168.1.107:40310 <-> srflx 192.168.1.200:48139
2026/09/29 01:37:09.414377 [01a0eace-a2dc-7001-8f47-b44f8afad403] PLI/FIR from peer 01a0eace-fc5f-7001-b30b-72fc35ef7d22: no forced IDR in the subprocess encoder; next IDR within GOP 120
2026/09/29 01:37:09.546500 [01a0eace-a2dc-7001-8f47-b44f8afad403] PLI/FIR from peer 01a0eace-fc5f-7001-b30b-72fc35ef7d22: no forced IDR in the subprocess encoder; next IDR within GOP 120
2026/09/29 01:37:09.748983 [01a0eace-a2dc-7001-8f47-b44f8afad403] PLI/FIR from peer 01a0eace-fc5f-7001-b30b-72fc35ef7d22: no forced IDR in the subprocess encoder; next IDR within GOP 120
2026/09/29 01:37:09.952657 [01a0eace-a2dc-7001-8f47-b44f8afad403] PLI/FIR from peer 01a0eace-fc5f-7001-b30b-72fc35ef7d22: no forced IDR in the subprocess encoder; next IDR within GOP 120
2026/09/29 01:37:11.671852 [01a0eace-a2dc-7001-8f47-b44f8afad403] play_peer_open 01a0eacf-0816-7001-99c9-e770d635fff4
2026/09/29 01:37:11.706763 [01a0eace-a2dc-7001-8f47-b44f8afad403] offer (peer 01a0eacf-0816-7001-99c9-e770d635fff4): gathered in 34ms partial=false host=2 srflx=4 relay=4
2026/09/29 01:37:12.452141 [01a0eace-a2dc-7001-8f47-b44f8afad403] play_peer_close 01a0eacf-0816-7001-99c9-e770d635fff4
2026/09/29 01:37:12.611656 [01a0eace-a2dc-7001-8f47-b44f8afad403] play_peer_open 01a0eacf-0bc3-7001-9f79-55f6b5bc8439
2026/09/29 01:37:12.646402 [01a0eace-a2dc-7001-8f47-b44f8afad403] offer (peer 01a0eacf-0bc3-7001-9f79-55f6b5bc8439): gathered in 33ms partial=false host=2 srflx=4 relay=4
2026/09/29 01:37:13.345251 [01a0eace-a2dc-7001-8f47-b44f8afad403] viewer connected (peer 01a0eacf-0bc3-7001-9f79-55f6b5bc8439): host 192.168.1.107:40310 <-> srflx 192.168.1.200:43019
2026/09/29 01:37:13.358019 [01a0eace-a2dc-7001-8f47-b44f8afad403] PLI/FIR from peer 01a0eacf-0bc3-7001-9f79-55f6b5bc8439: no forced IDR in the subprocess encoder; next IDR within GOP 120
2026/09/29 01:37:13.483300 [01a0eace-a2dc-7001-8f47-b44f8afad403] PLI/FIR from peer 01a0eacf-0bc3-7001-9f79-55f6b5bc8439: no forced IDR in the subprocess encoder; next IDR within GOP 120
2026/09/29 01:37:13.686374 [01a0eace-a2dc-7001-8f47-b44f8afad403] PLI/FIR from peer 01a0eacf-0bc3-7001-9f79-55f6b5bc8439: no forced IDR in the subprocess encoder; next IDR within GOP 120
2026/09/29 01:37:13.888731 [01a0eace-a2dc-7001-8f47-b44f8afad403] PLI/FIR from peer 01a0eacf-0bc3-7001-9f79-55f6b5bc8439: no forced IDR in the subprocess encoder; next IDR within GOP 120
2026/09/29 01:38:06.384633 [01a0eace-a2dc-7001-8f47-b44f8afad403] peer 01a0eace-fc5f-7001-b30b-72fc35ef7d22: dropped 1 input message(s), 1 in total: no slot (input-events)
2026/09/29 01:38:06.387186 [01a0eace-a2dc-7001-8f47-b44f8afad403] peer 01a0eacf-0bc3-7001-9f79-55f6b5bc8439: dropped 1 input message(s), 1 in total: no slot (input-events)
2026/09/29 01:38:16.924235 [01a0eace-a2dc-7001-8f47-b44f8afad403] peer 01a0eace-fc5f-7001-b30b-72fc35ef7d22: dropped 1 input message(s), 2 in total: no slot (input-events)
2026/09/29 01:38:16.924235 [01a0eace-a2dc-7001-8f47-b44f8afad403] peer 01a0eacf-0bc3-7001-9f79-55f6b5bc8439: dropped 1 input message(s), 2 in total: no slot (input-events)
2026/09/29 01:38:17.419527 [01a0eace-a2dc-7001-8f47-b44f8afad403] play_peer_close 01a0eace-df60-7001-99a8-c1d88e34bb2a
2026/09/29 01:38:17.440522 [01a0eace-a2dc-7001-8f47-b44f8afad403] play_peer_close 01a0eace-edd8-7001-955c-a3d8aff043f7
2026/09/29 01:38:17.489057 [01a0eace-a2dc-7001-8f47-b44f8afad403] play_peer_close 01a0eace-fc5f-7001-b30b-72fc35ef7d22
2026/09/29 01:38:17.536498 [01a0eace-a2dc-7001-8f47-b44f8afad403] play_peer_close 01a0eacf-0bc3-7001-9f79-55f6b5bc8439
2026/09/29 01:38:17.586872 [01a0eace-a2dc-7001-8f47-b44f8afad403] no connected peer: encoder and export stopped
2026/09/29 01:38:20.634059 [01a0eace-a2dc-7001-8f47-b44f8afad403] killed godot job pids=[13320 12860 952] err=<nil>
2026/09/29 01:38:20.758275 [01a0eace-a2dc-7001-8f47-b44f8afad403] removed checkout C:\Users\slaps\play-host-dev-01a0dbd6\checkouts\01a0ea90-643edd99da14 in 124ms err=<nil>
2026/09/29 01:38:20.758850 [01a0eace-a2dc-7001-8f47-b44f8afad403] session ended: stage 5 run over 01a0dbd6
