2026/09/29 02:25:53.105727 [01a0eafb-9bf9-7001-a4c6-c34857f568ba] status building: Preparing task/01a0ea90-0f73-7001-8f5f-07b3db421896 at 643edd99da14
2026/09/29 02:25:57.175441 launch: C:\Users\slaps\AppData\Local\Microsoft\WinGet\Packages\GodotEngine.GodotEngine_Microsoft.Winget.Source_8wekyb3d8bbwe\Godot_v4.7.2-stable_win64_console.exe [--path C:\Users\slaps\play-host-dev-01a0dbd6\checkouts\01a0ea90-643edd99da14 --rendering-driver vulkan --resolution 1280x720 --windowed -- --suite-play-session=01a0eafb-9bf9-7001-a4c6-c34857f568ba --suite-play-port=40321 --suite-play-fps=60]
2026/09/29 02:25:57.180532 [01a0eafb-9bf9-7001-a4c6-c34857f568ba] godot pid 13872 job [13872] dir C:\Users\slaps\play-host-dev-01a0dbd6\checkouts\01a0ea90-643edd99da14
2026/09/29 02:25:58.106584 [01a0eafb-9bf9-7001-a4c6-c34857f568ba] status building: Starting the game
2026/09/29 02:25:58.231847 [01a0eafb-9bf9-7001-a4c6-c34857f568ba] ice udp mux listening on [192.168.1.107:40310]
2026/09/29 02:25:58.291912 [01a0eafb-9bf9-7001-a4c6-c34857f568ba] offer (peer v1): gathered in 60ms partial=false host=2 srflx=4 relay=4
2026/09/29 02:25:58.291912 [01a0eafb-9bf9-7001-a4c6-c34857f568ba] status connecting: Waiting for the viewer
2026/09/29 02:26:05.637444 [01a0eafb-9bf9-7001-a4c6-c34857f568ba] play_peer_open 01a0eafb-cced-7001-bea1-caa71c4a5fd5
2026/09/29 02:26:05.637444 [01a0eafb-9bf9-7001-a4c6-c34857f568ba] core sent multi-peer frames: closing the v1 peer
2026/09/29 02:26:06.074290 [01a0eafb-9bf9-7001-a4c6-c34857f568ba] play_peer_close 01a0eafb-cced-7001-bea1-caa71c4a5fd5
2026/09/29 02:26:06.308853 [01a0eafb-9bf9-7001-a4c6-c34857f568ba] play_peer_open 01a0eafb-cf8e-7001-89d1-dd7f5b20d986
2026/09/29 02:26:06.371515 [01a0eafb-9bf9-7001-a4c6-c34857f568ba] offer (peer 01a0eafb-cf8e-7001-89d1-dd7f5b20d986): gathered in 62ms partial=false host=2 srflx=4 relay=4
2026/09/29 02:26:06.371515 [01a0eafb-9bf9-7001-a4c6-c34857f568ba] status connecting: Waiting for the viewer
2026/09/29 02:26:07.569998 [01a0eafb-9bf9-7001-a4c6-c34857f568ba] viewer connected (peer 01a0eafb-cf8e-7001-89d1-dd7f5b20d986): host 192.168.1.107:40310 <-> prflx 192.168.1.234:40038
2026/09/29 02:26:07.600008 [01a0eafb-9bf9-7001-a4c6-c34857f568ba] encoder started 1028x720 p1-ll-8000k-720p60-g120: -hide_banner -loglevel warning -nostats -y -f rawvideo -pix_fmt rgba -video_size 1028x720 -framerate 60 -use_wallclock_as_timestamps 1 -fflags nobuffer -flags low_delay -probesize 32 -i pipe:0 -fps_mode passthrough -c:v h264_nvenc -preset p1 -tune ll -rc cbr -b:v 8000k -maxrate 8000k -bufsize 266k -zerolatency 1 -delay 0 -rc-lookahead 0 -bf 0 -profile:v baseline -forced-idr 1 -g 120 -bsf:v dump_extra=freq=keyframe -an -flush_packets 1 -f rtp -payload_type 96 rtp://127.0.0.1:40331?pkt_size=1200
2026/09/29 02:26:07.746595 [01a0eafb-9bf9-7001-a4c6-c34857f568ba] status live: Streaming 1028x720 at 60 fps (p1/ll 8000 kbps, GOP 120); asked for 1280x720
2026/09/29 02:26:09.764242 [01a0eafb-9bf9-7001-a4c6-c34857f568ba] play_peer_open 01a0eafb-dd0d-7001-813b-95dac248077a
2026/09/29 02:26:09.827308 [01a0eafb-9bf9-7001-a4c6-c34857f568ba] offer (peer 01a0eafb-dd0d-7001-813b-95dac248077a): gathered in 63ms partial=false host=2 srflx=4 relay=4
2026/09/29 02:26:10.230372 [01a0eafb-9bf9-7001-a4c6-c34857f568ba] play_peer_close 01a0eafb-dd0d-7001-813b-95dac248077a
2026/09/29 02:26:10.427732 [01a0eafb-9bf9-7001-a4c6-c34857f568ba] play_peer_open 01a0eafb-dfa4-7001-90c5-7075e2fa98d6
2026/09/29 02:26:10.491299 [01a0eafb-9bf9-7001-a4c6-c34857f568ba] offer (peer 01a0eafb-dfa4-7001-90c5-7075e2fa98d6): gathered in 64ms partial=false host=2 srflx=4 relay=4
2026/09/29 02:26:11.680375 [01a0eafb-9bf9-7001-a4c6-c34857f568ba] viewer connected (peer 01a0eafb-dfa4-7001-90c5-7075e2fa98d6): host 192.168.1.107:40310 <-> prflx 192.168.1.234:40185
2026/09/29 02:26:11.698800 [01a0eafb-9bf9-7001-a4c6-c34857f568ba] PLI/FIR from peer 01a0eafb-dfa4-7001-90c5-7075e2fa98d6: no forced IDR in the subprocess encoder; next IDR within GOP 120
2026/09/29 02:26:11.722955 [01a0eafb-9bf9-7001-a4c6-c34857f568ba] PLI/FIR from peer 01a0eafb-dfa4-7001-90c5-7075e2fa98d6: no forced IDR in the subprocess encoder; next IDR within GOP 120
2026/09/29 02:26:11.926563 [01a0eafb-9bf9-7001-a4c6-c34857f568ba] PLI/FIR from peer 01a0eafb-dfa4-7001-90c5-7075e2fa98d6: no forced IDR in the subprocess encoder; next IDR within GOP 120
2026/09/29 02:26:12.130092 [01a0eafb-9bf9-7001-a4c6-c34857f568ba] PLI/FIR from peer 01a0eafb-dfa4-7001-90c5-7075e2fa98d6: no forced IDR in the subprocess encoder; next IDR within GOP 120
2026/09/29 02:26:12.332987 [01a0eafb-9bf9-7001-a4c6-c34857f568ba] PLI/FIR from peer 01a0eafb-dfa4-7001-90c5-7075e2fa98d6: no forced IDR in the subprocess encoder; next IDR within GOP 120
2026/09/29 02:26:12.535851 [01a0eafb-9bf9-7001-a4c6-c34857f568ba] PLI/FIR from peer 01a0eafb-dfa4-7001-90c5-7075e2fa98d6: no forced IDR in the subprocess encoder; next IDR within GOP 120
2026/09/29 02:26:12.739551 [01a0eafb-9bf9-7001-a4c6-c34857f568ba] PLI/FIR from peer 01a0eafb-dfa4-7001-90c5-7075e2fa98d6: no forced IDR in the subprocess encoder; next IDR within GOP 120
2026/09/29 02:26:12.941834 [01a0eafb-9bf9-7001-a4c6-c34857f568ba] PLI/FIR from peer 01a0eafb-dfa4-7001-90c5-7075e2fa98d6: no forced IDR in the subprocess encoder; next IDR within GOP 120
2026/09/29 02:26:13.145577 [01a0eafb-9bf9-7001-a4c6-c34857f568ba] PLI/FIR from peer 01a0eafb-dfa4-7001-90c5-7075e2fa98d6: no forced IDR in the subprocess encoder; next IDR within GOP 120
2026/09/29 02:26:13.348960 [01a0eafb-9bf9-7001-a4c6-c34857f568ba] PLI/FIR from peer 01a0eafb-dfa4-7001-90c5-7075e2fa98d6: no forced IDR in the subprocess encoder; next IDR within GOP 120
2026/09/29 02:26:13.552223 [01a0eafb-9bf9-7001-a4c6-c34857f568ba] PLI/FIR from peer 01a0eafb-dfa4-7001-90c5-7075e2fa98d6: no forced IDR in the subprocess encoder; next IDR within GOP 120
2026/09/29 02:27:13.520674 [01a0eafb-9bf9-7001-a4c6-c34857f568ba] play_peer_close 01a0eafb-cf8e-7001-89d1-dd7f5b20d986
2026/09/29 02:27:13.568150 [01a0eafb-9bf9-7001-a4c6-c34857f568ba] play_peer_close 01a0eafb-dfa4-7001-90c5-7075e2fa98d6
2026/09/29 02:27:13.617659 [01a0eafb-9bf9-7001-a4c6-c34857f568ba] no connected peer: encoder and export stopped
2026/09/29 02:27:16.066630 [01a0eafb-9bf9-7001-a4c6-c34857f568ba] killed godot job pids=[13872 3048 11980] err=<nil>
2026/09/29 02:27:16.176432 [01a0eafb-9bf9-7001-a4c6-c34857f568ba] removed checkout C:\Users\slaps\play-host-dev-01a0dbd6\checkouts\01a0ea90-643edd99da14 in 108ms err=<nil>
2026/09/29 02:27:16.176432 [01a0eafb-9bf9-7001-a4c6-c34857f568ba] session ended: stage 5 run over 01a0dbd6
