2026/09/29 02:09:37.837531 [01a0eaec-ba52-7001-ba3f-09ae546b4f8d] status building: Preparing task/01a0ea90-0f73-7001-8f5f-07b3db421896 at 643edd99da14
2026/09/29 02:09:41.921828 launch: C:\Users\slaps\AppData\Local\Microsoft\WinGet\Packages\GodotEngine.GodotEngine_Microsoft.Winget.Source_8wekyb3d8bbwe\Godot_v4.7.2-stable_win64_console.exe [--path C:\Users\slaps\play-host-dev-01a0dbd6\checkouts\01a0ea90-643edd99da14 --rendering-driver vulkan --resolution 1280x720 --windowed -- --suite-play-session=01a0eaec-ba52-7001-ba3f-09ae546b4f8d --suite-play-port=40321 --suite-play-fps=60]
2026/09/29 02:09:41.928060 [01a0eaec-ba52-7001-ba3f-09ae546b4f8d] godot pid 13160 job [13160] dir C:\Users\slaps\play-host-dev-01a0dbd6\checkouts\01a0ea90-643edd99da14
2026/09/29 02:09:42.838330 [01a0eaec-ba52-7001-ba3f-09ae546b4f8d] status building: Starting the game
2026/09/29 02:09:42.978587 [01a0eaec-ba52-7001-ba3f-09ae546b4f8d] ice udp mux listening on [192.168.1.107:40310]
2026/09/29 02:09:43.040362 [01a0eaec-ba52-7001-ba3f-09ae546b4f8d] offer (peer v1): gathered in 62ms partial=false host=2 srflx=4 relay=4
2026/09/29 02:09:43.040362 [01a0eaec-ba52-7001-ba3f-09ae546b4f8d] status connecting: Waiting for the viewer
2026/09/29 02:09:48.902075 [01a0eaec-ba52-7001-ba3f-09ae546b4f8d] play_peer_open 01a0eaec-e58b-7001-94cc-b7665dd1ed2e
2026/09/29 02:09:48.902075 [01a0eaec-ba52-7001-ba3f-09ae546b4f8d] core sent multi-peer frames: closing the v1 peer
2026/09/29 02:09:48.966175 [01a0eaec-ba52-7001-ba3f-09ae546b4f8d] offer (peer 01a0eaec-e58b-7001-94cc-b7665dd1ed2e): gathered in 63ms partial=false host=2 srflx=4 relay=4
2026/09/29 02:09:48.966678 [01a0eaec-ba52-7001-ba3f-09ae546b4f8d] status connecting: Waiting for the viewer
2026/09/29 02:09:49.533380 [01a0eaec-ba52-7001-ba3f-09ae546b4f8d] play_peer_close 01a0eaec-e58b-7001-94cc-b7665dd1ed2e
2026/09/29 02:09:49.682856 [01a0eaec-ba52-7001-ba3f-09ae546b4f8d] play_peer_open 01a0eaec-e897-7001-8260-c0d56aa4ec3a
2026/09/29 02:09:49.745409 [01a0eaec-ba52-7001-ba3f-09ae546b4f8d] offer (peer 01a0eaec-e897-7001-8260-c0d56aa4ec3a): gathered in 63ms partial=false host=2 srflx=4 relay=4
2026/09/29 02:09:49.745409 [01a0eaec-ba52-7001-ba3f-09ae546b4f8d] status connecting: Waiting for the viewer
2026/09/29 02:09:50.431814 [01a0eaec-ba52-7001-ba3f-09ae546b4f8d] viewer connected (peer 01a0eaec-e897-7001-8260-c0d56aa4ec3a): host 192.168.1.107:40310 <-> srflx 192.168.1.200:47286
2026/09/29 02:09:50.461857 [01a0eaec-ba52-7001-ba3f-09ae546b4f8d] encoder started 1028x720 p1-ll-8000k-720p60-g120: -hide_banner -loglevel warning -nostats -y -f rawvideo -pix_fmt rgba -video_size 1028x720 -framerate 60 -use_wallclock_as_timestamps 1 -fflags nobuffer -flags low_delay -probesize 32 -i pipe:0 -fps_mode passthrough -c:v h264_nvenc -preset p1 -tune ll -rc cbr -b:v 8000k -maxrate 8000k -bufsize 266k -zerolatency 1 -delay 0 -rc-lookahead 0 -bf 0 -profile:v baseline -forced-idr 1 -g 120 -bsf:v dump_extra=freq=keyframe -an -flush_packets 1 -f rtp -payload_type 96 rtp://127.0.0.1:40331?pkt_size=1200
2026/09/29 02:09:50.604399 [01a0eaec-ba52-7001-ba3f-09ae546b4f8d] status live: Streaming 1028x720 at 60 fps (p1/ll 8000 kbps, GOP 120); asked for 1280x720
2026/09/29 02:10:52.316760 [01a0eaec-ba52-7001-ba3f-09ae546b4f8d] play_peer_close 01a0eaec-e897-7001-8260-c0d56aa4ec3a
2026/09/29 02:10:52.360846 [01a0eaec-ba52-7001-ba3f-09ae546b4f8d] no connected peer: encoder and export stopped
2026/09/29 02:10:54.732290 [01a0eaec-ba52-7001-ba3f-09ae546b4f8d] killed godot job pids=[13160 4972 11808] err=<nil>
2026/09/29 02:10:54.840977 [01a0eaec-ba52-7001-ba3f-09ae546b4f8d] removed checkout C:\Users\slaps\play-host-dev-01a0dbd6\checkouts\01a0ea90-643edd99da14 in 109ms err=<nil>
2026/09/29 02:10:54.841769 [01a0eaec-ba52-7001-ba3f-09ae546b4f8d] session ended: stage 5 run over 01a0dbd6
