2026/09/29 01:55:56.513567 [01a0eae0-3203-7001-b181-da92b9f4d216] status building: Preparing task/01a0ea90-0f73-7001-8f5f-07b3db421896 at 643edd99da14
2026/09/29 01:56:00.513935 launch: C:\Users\slaps\AppData\Local\Microsoft\WinGet\Packages\GodotEngine.GodotEngine_Microsoft.Winget.Source_8wekyb3d8bbwe\Godot_v4.7.2-stable_win64_console.exe [--path C:\Users\slaps\play-host-dev-01a0dbd6\checkouts\01a0ea90-643edd99da14 --rendering-driver vulkan --resolution 1280x720 --windowed -- --suite-play-session=01a0eae0-3203-7001-b181-da92b9f4d216 --suite-play-port=40321 --suite-play-fps=60]
2026/09/29 01:56:00.518987 [01a0eae0-3203-7001-b181-da92b9f4d216] godot pid 9756 job [9756] dir C:\Users\slaps\play-host-dev-01a0dbd6\checkouts\01a0ea90-643edd99da14
2026/09/29 01:56:01.514521 [01a0eae0-3203-7001-b181-da92b9f4d216] status building: Starting the game
2026/09/29 01:56:01.570182 [01a0eae0-3203-7001-b181-da92b9f4d216] ice udp mux listening on [192.168.1.107:40310]
2026/09/29 01:56:01.630722 [01a0eae0-3203-7001-b181-da92b9f4d216] offer (peer v1): gathered in 61ms partial=false host=2 srflx=4 relay=4
2026/09/29 01:56:01.630722 [01a0eae0-3203-7001-b181-da92b9f4d216] status connecting: Waiting for the viewer
2026/09/29 01:56:04.539247 [01a0eae0-3203-7001-b181-da92b9f4d216] play_peer_open 01a0eae0-515d-7001-bc31-707ddc91d0cb
2026/09/29 01:56:04.539247 [01a0eae0-3203-7001-b181-da92b9f4d216] core sent multi-peer frames: closing the v1 peer
2026/09/29 01:56:04.602872 [01a0eae0-3203-7001-b181-da92b9f4d216] offer (peer 01a0eae0-515d-7001-bc31-707ddc91d0cb): gathered in 63ms partial=false host=2 srflx=4 relay=4
2026/09/29 01:56:04.602872 [01a0eae0-3203-7001-b181-da92b9f4d216] status connecting: Waiting for the viewer
2026/09/29 01:56:05.137742 [01a0eae0-3203-7001-b181-da92b9f4d216] play_peer_close 01a0eae0-515d-7001-bc31-707ddc91d0cb
2026/09/29 01:56:05.318625 [01a0eae0-3203-7001-b181-da92b9f4d216] play_peer_open 01a0eae0-5468-7001-8188-d3b211ad824c
2026/09/29 01:56:05.381073 [01a0eae0-3203-7001-b181-da92b9f4d216] offer (peer 01a0eae0-5468-7001-8188-d3b211ad824c): gathered in 62ms partial=false host=2 srflx=4 relay=4
2026/09/29 01:56:05.381073 [01a0eae0-3203-7001-b181-da92b9f4d216] status connecting: Waiting for the viewer
2026/09/29 01:56:06.524323 [01a0eae0-3203-7001-b181-da92b9f4d216] viewer connected (peer 01a0eae0-5468-7001-8188-d3b211ad824c): host 192.168.1.107:40310 <-> prflx 192.168.1.234:40115
2026/09/29 01:56:06.552003 [01a0eae0-3203-7001-b181-da92b9f4d216] encoder started 1028x720 p1-ll-8000k-720p60-g120: -hide_banner -loglevel warning -nostats -y -f rawvideo -pix_fmt rgba -video_size 1028x720 -framerate 60 -use_wallclock_as_timestamps 1 -fflags nobuffer -flags low_delay -probesize 32 -i pipe:0 -fps_mode passthrough -c:v h264_nvenc -preset p1 -tune ll -rc cbr -b:v 8000k -maxrate 8000k -bufsize 266k -zerolatency 1 -delay 0 -rc-lookahead 0 -bf 0 -profile:v baseline -forced-idr 1 -g 120 -bsf:v dump_extra=freq=keyframe -an -flush_packets 1 -f rtp -payload_type 96 rtp://127.0.0.1:40331?pkt_size=1200
2026/09/29 01:56:06.701404 [01a0eae0-3203-7001-b181-da92b9f4d216] status live: Streaming 1028x720 at 60 fps (p1/ll 8000 kbps, GOP 120); asked for 1280x720
2026/09/29 01:56:08.341784 [01a0eae0-3203-7001-b181-da92b9f4d216] play_peer_open 01a0eae0-6038-7001-b5fe-4603d994a1d7
2026/09/29 01:56:08.406472 [01a0eae0-3203-7001-b181-da92b9f4d216] offer (peer 01a0eae0-6038-7001-b5fe-4603d994a1d7): gathered in 64ms partial=false host=2 srflx=4 relay=4
2026/09/29 01:56:09.061472 [01a0eae0-3203-7001-b181-da92b9f4d216] play_peer_close 01a0eae0-6038-7001-b5fe-4603d994a1d7
2026/09/29 01:56:09.234023 [01a0eae0-3203-7001-b181-da92b9f4d216] play_peer_open 01a0eae0-63b5-7001-81b9-b7cd445a523a
2026/09/29 01:56:09.299076 [01a0eae0-3203-7001-b181-da92b9f4d216] offer (peer 01a0eae0-63b5-7001-81b9-b7cd445a523a): gathered in 63ms partial=false host=2 srflx=4 relay=4
2026/09/29 01:56:10.498654 [01a0eae0-3203-7001-b181-da92b9f4d216] viewer connected (peer 01a0eae0-63b5-7001-81b9-b7cd445a523a): host 192.168.1.107:40310 <-> prflx 192.168.1.234:40043
2026/09/29 01:56:10.501898 [01a0eae0-3203-7001-b181-da92b9f4d216] PLI/FIR from peer 01a0eae0-63b5-7001-81b9-b7cd445a523a: no forced IDR in the subprocess encoder; next IDR within GOP 120
2026/09/29 01:56:10.542356 [01a0eae0-3203-7001-b181-da92b9f4d216] PLI/FIR from peer 01a0eae0-63b5-7001-81b9-b7cd445a523a: no forced IDR in the subprocess encoder; next IDR within GOP 120
2026/09/29 01:57:10.561764 [01a0eae0-3203-7001-b181-da92b9f4d216] play_peer_close 01a0eae0-5468-7001-8188-d3b211ad824c
2026/09/29 01:57:10.609827 [01a0eae0-3203-7001-b181-da92b9f4d216] play_peer_close 01a0eae0-63b5-7001-81b9-b7cd445a523a
2026/09/29 01:57:10.655630 [01a0eae0-3203-7001-b181-da92b9f4d216] no connected peer: encoder and export stopped
2026/09/29 01:57:13.058328 [01a0eae0-3203-7001-b181-da92b9f4d216] killed godot job pids=[9756 13472 11436] err=<nil>
2026/09/29 01:57:13.168220 [01a0eae0-3203-7001-b181-da92b9f4d216] removed checkout C:\Users\slaps\play-host-dev-01a0dbd6\checkouts\01a0ea90-643edd99da14 in 110ms err=<nil>
2026/09/29 01:57:13.169003 [01a0eae0-3203-7001-b181-da92b9f4d216] session ended: stage 5 run over 01a0dbd6
