== run p4s2j-lan players=4 spectators=2 relay=0 mobile= n=50 jitter=34 at 2026-09-29T01:24:59Z
prodcheck before: PROD_BUSY=False prod_children=0 last=[2026/09/29 00:17:26.684540 host: joined; ready for play_session_start]
moon quiet check: 79 permille
start: 01:25:12.449 [error] [branch_provisioner] `gh` (GitHub CLI) not found on PATH; cannot create the task branch ref via `gh api`
{"via":"inline runner (default runner said {:error, {:review_branch_unresolved, {:gh_unavailable, \"`gh` (GitHub CLI) not found on PATH; cannot create the task branch ref via `gh api`\"}}})","result":"{:ok, %{multi: true, state: \"building\", started_at: ~U[2026-09-29 01:25:12.460967Z], branch: \"task/01a0ea90-0f73-7001-8f5f-07b3db421896\", session_id: \"01a0eac4-0e8c-7001-953b-46e8e10bfbd9\", task_id: \"01a0ea90-0f73-7001-8f5f-07b3db421896\", elapsed_ms: 0, detail: \"Waiting for the play host\", ice_servers: [%{username: \"game_stream\", credential: <redacted>, urls: [\"turn:192.168.1.234:3479?transport=udp\", \"turn:192.168.1.234:3479?transport=tcp\"]}], review_sha: \"643edd99da14b4a71534c9339568bf7e7939de0f\", ended_reason: nil, host_runtime_id: \"play-host-wave-dev\", force_relay: false, max_players: 4}}","task_id":"01a0ea90-0f73-7001-8f5f-07b3db421896"}
session state: state: \"connecting
canvas: {"session_id":"01a0eac4-0e8c-7001-953b-46e8e10bfbd9","space_id":"01a0e969-4369-7001-b57c-0acd7557375a","canvas_id":"01a0eac4-337a-7001-b045-1c938adf86dc"}
driver start 01:25:21
[8.7s] viewer 0 jordan player live {"frames":13,"path":"LAN"}
[12.6s] viewer 1 ryan player live {"frames":7,"path":"LAN"}
[16.6s] viewer 2 saru player live {"frames":5,"path":"LAN"}
[20.8s] viewer 3 octavia player live {"frames":17,"path":"LAN"}
[24.8s] viewer 4 brosnan spectator live {"frames":15,"path":"LAN"}
[30.8s] viewer 5 higgins spectator live {"frames":17,"path":"TURN"}
[30.9s] all viewers open; probing
driver exit 0 at 01:26:41
prodcheck after: PROD_BUSY=False prod_children=0 last=[2026/09/29 00:17:26.684540 host: joined; ready for play_session_start]
roster at end: roster":"{:ok, %{slots: %{}, multi: true, names: [], max_players: 4, spectators: 0}}"}
{"stopped":"{:ok, %{multi: true, state: \"ended\", started_at: ~U[2026-09-29 01:25:12.460967Z], branch: \"task/01a0ea90-0f73-7001-8f5f-07b3db421896\", session_id: \"01a0eac4-0e8c-7001-953b-46e8e10bfbd9\", task_id: \"01a0ea90-0f73-7001-8f5f-07b3db421896\", elapsed_ms: 18186, detail: \"stage 5 run over 01a0dbd6\", ice_servers: [%{username: \"game_stream\", credential: <redacted>, urls: [\"turn:192.168.1.234:3479?transport=udp\", \"turn:192.168.1.234:3479?transport=tcp\"]}], review_sha: \"643edd99da14b4a71534c9339568bf7e7939de0f\", ended_reason: \"stage 5 run over 01a0dbd6\", host_runtime_id: \"play-host-wave-dev\", force_relay: false, max_players: 4}}"}
row: {"id":"01a0eac4-0e8c-7001-953b-46e8e10bfbd9","started_at":"2026-09-29T01:25:12.460967Z","branch":"task/01a0ea90-0f73-7001-8f5f-07b3db421896","task_id":"01a0ea90-0f73-7001-8f5f-07b3db421896","ended_at":"2026-09-29T01:26:44.103965Z","review_sha":"643edd99da14b4a71534c9339568bf7e7939de0f","ended_reason":"stage 5 run over 01a0dbd6","connection_path":"turn","rtt_p50_ms":42.500000047686626,"rtt_p95_ms":69.0,"fps_avg":41.0,"ended_state":"ended","peak_players":4,"peak_spectators":2,"slot_stats":{"0":{"connection_path":"turn","fps_avg":41.0,"rtt_p50_ms":42.500000047686626,"rtt_p95_ms":69.0},"1":{"connection_path":"lan","fps_avg":45.0,"rtt_p50_ms":40.200000047683716,"rtt_p95_ms":60.7999999761596},"2":{"connection_path":"lan","fps_avg":49.0,"rtt_p50_ms":40.800000071525574,"rtt_p95_ms":60.50000004768299},"3":{"connection_path":"lan","fps_avg":52.0,"rtt_p50_ms":44.5,"rtt_p95_ms":61.69999997616105}}}
== done p4s2j-lan 2026-09-29T01:30:27Z
