== run p2s2j-lan players=2 spectators=2 relay=0 mobile= n=50 jitter=34 at 2026-09-29T01:34:43Z
prodcheck before: PROD_BUSY=False prod_children=0 last=[2026/09/29 00:17:26.684540 host: joined; ready for play_session_start]
moon busy 264 permille; waiting (core-test-task_01a0e8b5-a1aa-7001-b901-61302f6cc4e6-20260929T012832Z-571529 )
moon busy 388 permille; waiting (core-test-task_01a0e8b5-a1aa-7001-b901-61302f6cc4e6-20260929T012832Z-571529 )
moon busy 302 permille; waiting (core-test-task_01a0e8b5-a1aa-7001-b901-61302f6cc4e6-20260929T012832Z-571529 )
moon busy 707 permille; waiting (core-test-task_01a0e8b5-a1aa-7001-b901-61302f6cc4e6-20260929T012832Z-571529 )
moon busy 727 permille; waiting (core-test-task_01a0e8b5-a1aa-7001-b901-61302f6cc4e6-20260929T012832Z-571529 )
moon busy 616 permille; waiting (core-test-task_01a0e8b5-a1aa-7001-b901-61302f6cc4e6-20260929T012832Z-571529 )
moon busy 467 permille; waiting (core-test-task_01a0e8b5-a1aa-7001-b901-61302f6cc4e6-20260929T012832Z-571529 )
moon quiet check: 74 permille
start: 01:36:45.776 [error] [branch_provisioner] `gh` (GitHub CLI) not found on PATH; cannot create the task branch ref via `gh api`
{"via":"inline runner (default runner said {:error, {:review_branch_unresolved, {:gh_unavailable, \"`gh` (GitHub CLI) not found on PATH; cannot create the task branch ref via `gh api`\"}}})","result":"{:ok, %{multi: true, state: \"building\", started_at: ~U[2026-09-29 01:36:45.788572Z], branch: \"task/01a0ea90-0f73-7001-8f5f-07b3db421896\", session_id: \"01a0eace-a2dc-7001-8f47-b44f8afad403\", task_id: \"01a0ea90-0f73-7001-8f5f-07b3db421896\", elapsed_ms: 0, detail: \"Waiting for the play host\", ice_servers: [%{username: \"game_stream\", credential: <redacted>, urls: [\"turn:192.168.1.234:3479?transport=udp\", \"turn:192.168.1.234:3479?transport=tcp\"]}], review_sha: \"643edd99da14b4a71534c9339568bf7e7939de0f\", ended_reason: nil, host_runtime_id: \"play-host-wave-dev\", force_relay: false, max_players: 4}}","task_id":"01a0ea90-0f73-7001-8f5f-07b3db421896"}
session state: state: \"connecting
canvas: {"session_id":"01a0eace-a2dc-7001-8f47-b44f8afad403","space_id":"01a0e969-4369-7001-b57c-0acd7557375a","canvas_id":"01a0eace-d60e-7001-9fd5-2132ea48593d"}
driver start 01:36:58
[3.6s] viewer 0 jordan player live {"frames":33,"path":"LAN"}
[7.3s] viewer 1 ryan player live {"frames":14,"path":"LAN"}
[11.3s] viewer 2 saru spectator live {"frames":13,"path":"LAN"}
[15.2s] viewer 3 octavia spectator live {"frames":7,"path":"LAN"}
[15.3s] all viewers open; probing
driver exit 0 at 01:38:17
prodcheck after: PROD_BUSY=False prod_children=0 last=[2026/09/29 00:17:26.684540 host: joined; ready for play_session_start]
roster at end: roster":"{:ok, %{slots: %{}, multi: true, names: [], max_players: 4, spectators: 0}}"}
{"stopped":"{:ok, %{multi: true, state: \"ended\", started_at: ~U[2026-09-29 01:36:45.788572Z], branch: \"task/01a0ea90-0f73-7001-8f5f-07b3db421896\", session_id: \"01a0eace-a2dc-7001-8f47-b44f8afad403\", task_id: \"01a0ea90-0f73-7001-8f5f-07b3db421896\", elapsed_ms: 16392, detail: \"stage 5 run over 01a0dbd6\", ice_servers: [%{username: \"game_stream\", credential: <redacted>, urls: [\"turn:192.168.1.234:3479?transport=udp\", \"turn:192.168.1.234:3479?transport=tcp\"]}], review_sha: \"643edd99da14b4a71534c9339568bf7e7939de0f\", ended_reason: \"stage 5 run over 01a0dbd6\", host_runtime_id: \"play-host-wave-dev\", force_relay: false, max_players: 4}}"}
row: {"id":"01a0eace-a2dc-7001-8f47-b44f8afad403","started_at":"2026-09-29T01:36:45.788572Z","branch":"task/01a0ea90-0f73-7001-8f5f-07b3db421896","task_id":"01a0ea90-0f73-7001-8f5f-07b3db421896","ended_at":"2026-09-29T01:38:20.663828Z","review_sha":"643edd99da14b4a71534c9339568bf7e7939de0f","ended_reason":"stage 5 run over 01a0dbd6","connection_path":"lan","rtt_p50_ms":43.89999995231483,"rtt_p95_ms":67.19999992847443,"fps_avg":53.0,"ended_state":"ended","peak_players":2,"peak_spectators":2,"slot_stats":{"0":{"connection_path":"lan","fps_avg":53.0,"rtt_p50_ms":43.89999995231483,"rtt_p95_ms":67.19999992847443},"1":{"connection_path":"lan","fps_avg":58.0,"rtt_p50_ms":40.0,"rtt_p95_ms":65.90000002384113}}}
== done p2s2j-lan 2026-09-29T01:41:15Z
