== run rp2j2 players=2 spectators=0 relay=1 mobile= n=50 jitter=34 at 2026-09-29T02:23:50Z
prodcheck before: PROD_BUSY=False prod_children=0 last=[2026/09/29 02:03:41.314825 host: joined; ready for play_session_start]
moon busy 302 permille; waiting (core-test-task_01a0e8b5-a1aa-7001-b901-61302f6cc4e6-20260929T022301Z-769724 )
moon busy 448 permille; waiting (core-test-task_01a0e8b5-a1aa-7001-b901-61302f6cc4e6-20260929T022301Z-769724 )
moon busy 480 permille; waiting (core-test-task_01a0e8b5-a1aa-7001-b901-61302f6cc4e6-20260929T022301Z-769724 )
moon busy 479 permille; waiting (core-test-task_01a0e8b5-a1aa-7001-b901-61302f6cc4e6-20260929T022301Z-769724 )
moon busy 669 permille; waiting (core-test-task_01a0e8b5-a1aa-7001-b901-61302f6cc4e6-20260929T022301Z-769724 )
moon busy 650 permille; waiting (core-test-task_01a0e8b5-a1aa-7001-b901-61302f6cc4e6-20260929T022301Z-769724 )
moon busy 554 permille; waiting (core-test-task_01a0e8b5-a1aa-7001-b901-61302f6cc4e6-20260929T022301Z-769724 )
moon quiet check: 78 permille
start: 02:25:53.133 [error] [branch_provisioner] `gh` (GitHub CLI) not found on PATH; cannot create the task branch ref via `gh api`
{"via":"inline runner (default runner said {:error, {:review_branch_unresolved, {:gh_unavailable, \"`gh` (GitHub CLI) not found on PATH; cannot create the task branch ref via `gh api`\"}}})","result":"{:ok, %{multi: true, state: \"building\", started_at: ~U[2026-09-29 02:25:53.145590Z], branch: \"task/01a0ea90-0f73-7001-8f5f-07b3db421896\", session_id: \"01a0eafb-9bf9-7001-a4c6-c34857f568ba\", task_id: \"01a0ea90-0f73-7001-8f5f-07b3db421896\", elapsed_ms: 0, detail: \"Waiting for the play host\", ice_servers: [%{username: \"game_stream\", credential: <redacted>, urls: [\"turn:192.168.1.234:3479?transport=udp\", \"turn:192.168.1.234:3479?transport=tcp\"]}], review_sha: \"643edd99da14b4a71534c9339568bf7e7939de0f\", ended_reason: nil, host_runtime_id: \"play-host-wave-dev\", force_relay: true, max_players: 4}}","task_id":"01a0ea90-0f73-7001-8f5f-07b3db421896"}
session state: state: \"connecting
canvas: {"session_id":"01a0eafb-9bf9-7001-a4c6-c34857f568ba","space_id":"01a0e969-4369-7001-b57c-0acd7557375a","canvas_id":"01a0eafb-c41f-7001-8909-597ca97d6707"}
driver start 02:26:03
[4.1s] viewer 0 jordan player live {"frames":10,"path":"TURN"}
[10.0s] viewer 1 ryan player live {"frames":6,"path":"TURN"}
[10.1s] all viewers open; probing
driver exit 0 at 02:27:13
prodcheck after: PROD_BUSY=False prod_children=0 last=[2026/09/29 02:03:41.314825 host: joined; ready for play_session_start]
roster at end: roster":"{:ok, %{slots: %{}, multi: true, names: [], max_players: 4, spectators: 0}}"}
{"stopped":"{:ok, %{multi: true, state: \"ended\", started_at: ~U[2026-09-29 02:25:53.145590Z], branch: \"task/01a0ea90-0f73-7001-8f5f-07b3db421896\", session_id: \"01a0eafb-9bf9-7001-a4c6-c34857f568ba\", task_id: \"01a0ea90-0f73-7001-8f5f-07b3db421896\", elapsed_ms: 14640, detail: \"stage 5 run over 01a0dbd6\", ice_servers: [%{username: \"game_stream\", credential: <redacted>, urls: [\"turn:192.168.1.234:3479?transport=udp\", \"turn:192.168.1.234:3479?transport=tcp\"]}], review_sha: \"643edd99da14b4a71534c9339568bf7e7939de0f\", ended_reason: \"stage 5 run over 01a0dbd6\", host_runtime_id: \"play-host-wave-dev\", force_relay: true, max_players: 4}}"}
row: {"id":"01a0eafb-9bf9-7001-a4c6-c34857f568ba","started_at":"2026-09-29T02:25:53.145590Z","branch":"task/01a0ea90-0f73-7001-8f5f-07b3db421896","task_id":"01a0ea90-0f73-7001-8f5f-07b3db421896","ended_at":"2026-09-29T02:27:16.107961Z","review_sha":"643edd99da14b4a71534c9339568bf7e7939de0f","ended_reason":"stage 5 run over 01a0dbd6","connection_path":"turn","rtt_p50_ms":46.69999995231592,"rtt_p95_ms":69.89999992847515,"fps_avg":46.0,"ended_state":"ended","peak_players":2,"peak_spectators":1,"slot_stats":{"0":{"connection_path":"turn","fps_avg":33.0,"rtt_p50_ms":47.899999928471516,"rtt_p95_ms":61.99999992847734},"1":{"connection_path":"turn","fps_avg":46.0,"rtt_p50_ms":46.69999995231592,"rtt_p95_ms":69.89999992847515}}}
== done rp2j2 2026-09-29T02:29:29Z
