== run rp2mj players=2 spectators=0 relay=1 mobile=1 n=50 jitter=34 at 2026-09-29T01:59:28Z
prodcheck before: PROD_BUSY=False prod_children=0 last=[2026/09/29 00:17:26.684540 host: joined; ready for play_session_start]
moon busy 438 permille; waiting (core-test-scratch_01a0e8b5-s2-mut-20260929T015830Z-678691 )
moon busy 322 permille; waiting (core-test-scratch_01a0e8b5-s2-mut-20260929T015830Z-678691 )
moon busy 559 permille; waiting (core-test-scratch_01a0e8b5-s2-mut-20260929T015830Z-678691 )
moon busy 752 permille; waiting (core-test-scratch_01a0e8b5-s2-mut-20260929T015830Z-678691 )
moon busy 265 permille; waiting (core-test-scratch_01a0e8b5-s2-mut-20260929T015830Z-678691 )
moon busy 166 permille; waiting ()
moon busy 326 permille; waiting (core-test-task_01a0e8b5-a1aa-7001-b901-61302f6cc4e6-20260929T020110Z-693544 )
moon busy 755 permille; waiting (core-test-task_01a0e8b5-a1aa-7001-b901-61302f6cc4e6-20260929T020110Z-693544 )
moon busy 294 permille; waiting (core-test-task_01a0e8b5-a1aa-7001-b901-61302f6cc4e6-20260929T020110Z-693544 )
moon quiet check: 133 permille
start: 02:02:01.900 [error] [branch_provisioner] `gh` (GitHub CLI) not found on PATH; cannot create the task branch ref via `gh api`
{"via":"inline runner (default runner said {:error, {:review_branch_unresolved, {:gh_unavailable, \"`gh` (GitHub CLI) not found on PATH; cannot create the task branch ref via `gh api`\"}}})","result":"{:ok, %{multi: true, state: \"building\", started_at: ~U[2026-09-29 02:02:01.911440Z], branch: \"task/01a0ea90-0f73-7001-8f5f-07b3db421896\", session_id: \"01a0eae5-c537-7001-aa82-f8ccfcf62e3c\", task_id: \"01a0ea90-0f73-7001-8f5f-07b3db421896\", elapsed_ms: 0, detail: \"Waiting for the play host\", ice_servers: [%{username: \"game_stream\", credential: <redacted>, urls: [\"turn:192.168.1.234:3479?transport=udp\", \"turn:192.168.1.234:3479?transport=tcp\"]}], review_sha: \"643edd99da14b4a71534c9339568bf7e7939de0f\", ended_reason: nil, host_runtime_id: \"play-host-wave-dev\", force_relay: true, max_players: 4}}","task_id":"01a0ea90-0f73-7001-8f5f-07b3db421896"}
session state: state: \"connecting
canvas: {"session_id":"01a0eae5-c537-7001-aa82-f8ccfcf62e3c","space_id":"01a0e969-4369-7001-b57c-0acd7557375a","canvas_id":"01a0eae5-e9b9-7001-96f9-408cda6ae73b"}
driver start 02:02:11
[3.9s] viewer 0 jordan player live {"frames":10,"path":"TURN"}
[9.9s] viewer 1 ryan player live {"frames":9,"path":"TURN"}
[10.0s] all viewers open; probing
driver exit 0 at 02:03:29
prodcheck after: PROD_BUSY=False prod_children=0 last=[2026/09/29 00:17:26.684540 host: joined; ready for play_session_start]
roster at end: roster":"{:ok, %{slots: %{}, multi: true, names: [], max_players: 4, spectators: 0}}"}
{"stopped":"{:ok, %{multi: true, state: \"ended\", started_at: ~U[2026-09-29 02:02:01.911440Z], branch: \"task/01a0ea90-0f73-7001-8f5f-07b3db421896\", session_id: \"01a0eae5-c537-7001-aa82-f8ccfcf62e3c\", task_id: \"01a0ea90-0f73-7001-8f5f-07b3db421896\", elapsed_ms: 13356, detail: \"stage 5 run over 01a0dbd6\", ice_servers: [%{username: \"game_stream\", credential: <redacted>, urls: [\"turn:192.168.1.234:3479?transport=udp\", \"turn:192.168.1.234:3479?transport=tcp\"]}], review_sha: \"643edd99da14b4a71534c9339568bf7e7939de0f\", ended_reason: \"stage 5 run over 01a0dbd6\", host_runtime_id: \"play-host-wave-dev\", force_relay: true, max_players: 4}}"}
row: {"id":"01a0eae5-c537-7001-aa82-f8ccfcf62e3c","started_at":"2026-09-29T02:02:01.911440Z","branch":"task/01a0ea90-0f73-7001-8f5f-07b3db421896","task_id":"01a0ea90-0f73-7001-8f5f-07b3db421896","ended_at":"2026-09-29T02:03:32.094487Z","review_sha":"643edd99da14b4a71534c9339568bf7e7939de0f","ended_reason":"stage 5 run over 01a0dbd6","connection_path":"turn","rtt_p50_ms":44.99999997615669,"rtt_p95_ms":71.39999995231483,"fps_avg":44.0,"ended_state":"ended","peak_players":2,"peak_spectators":1,"slot_stats":{"0":{"connection_path":"turn","fps_avg":44.0,"rtt_p50_ms":44.99999997615669,"rtt_p95_ms":71.39999995231483},"1":{"connection_path":"turn","fps_avg":40.0,"rtt_p50_ms":45.00000009536598,"rtt_p95_ms":70.40000007152412}}}
== done rp2mj 2026-09-29T02:05:36Z
