== gofmt -l .
gofmt exit=0
== go vet ./...
vet exit=0
== GOOS=windows go vet ./...
winvet exit=0
== go test ./...
ok  	github.com/Startup-Suite/play-host/cmd/play-host	0.016s
ok  	github.com/Startup-Suite/play-host/internal/build	0.223s
ok  	github.com/Startup-Suite/play-host/internal/host	14.144s
ok  	github.com/Startup-Suite/play-host/internal/input	0.010s
ok  	github.com/Startup-Suite/play-host/internal/launch	0.208s
ok  	github.com/Startup-Suite/play-host/internal/link	0.017s
ok  	github.com/Startup-Suite/play-host/internal/media	0.038s
ok  	github.com/Startup-Suite/play-host/internal/probe	0.008s
ok  	github.com/Startup-Suite/play-host/internal/protocol	0.005s
ok  	github.com/Startup-Suite/play-host/internal/rtc	9.183s
?   	github.com/Startup-Suite/play-host/internal/spike	[no test files]
ok  	github.com/Startup-Suite/play-host/internal/suite	2.690s
?   	github.com/Startup-Suite/play-host/spike/tcpcheck	[no test files]
?   	github.com/Startup-Suite/play-host/spike/wsstress	[no test files]
test exit=0
