== ref task/01a0fe45-d117-7001-a501-ad6244a19795 (task_01a0fe4) @ f77d1e969f402ca999d4523642f87baf5883de20  mode test  db platform_test_01a0fe45_20261002T222903Z_3921988  container core-test-task_01a0fe45-d117-7001-a501-ad6244a19795-gs-3921988
== env-file names: PGPASSWORD mode 600
== f77d1e96 Reset the portrait well's margin and cap in fullscreen (01a0fe45 stage 5)
== deps.get
== compile dev --warnings-as-errors
== compile test --warnings-as-errors
== format --check-formatted
FORMAT_EXIT=0
== mix test
Finished in 6.4 seconds (0.9s async, 5.4s sync)
Result: 210 passed
MIX_TEST_EXIT=0
== platform deps.get (bundle guard)
== container exit 0
== bundle guards (with Play)
ℹ tests 5
ℹ pass 5
ℹ fail 0
BUNDLE_EXIT=0
== node container exit 0
== cleanup done: container core-test-task_01a0fe45-d117-7001-a501-ad6244a19795-gs-3921988, db platform_test_01a0fe45_20261002T222903Z_3921988, dir /var/home/rocks/testruns/gs-01a0fe45-s5-20261002T222903Z-3921988
