2026/09/29 01:46:07.750804 [01a0ead7-3626-7001-b630-0fb5a44442f3] status building: Preparing task/01a0ea90-0f73-7001-8f5f-07b3db421896 at 643edd99da14
2026/09/29 01:46:11.995912 launch: C:\Users\slaps\AppData\Local\Microsoft\WinGet\Packages\GodotEngine.GodotEngine_Microsoft.Winget.Source_8wekyb3d8bbwe\Godot_v4.7.2-stable_win64_console.exe [--path C:\Users\slaps\play-host-dev-01a0dbd6\checkouts\01a0ea90-643edd99da14 --rendering-driver vulkan --resolution 1280x720 --windowed -- --suite-play-session=01a0ead7-3626-7001-b630-0fb5a44442f3 --suite-play-port=40321 --suite-play-fps=60]
2026/09/29 01:46:12.004190 [01a0ead7-3626-7001-b630-0fb5a44442f3] godot pid 12400 job [12400] dir C:\Users\slaps\play-host-dev-01a0dbd6\checkouts\01a0ea90-643edd99da14
2026/09/29 01:46:12.751457 [01a0ead7-3626-7001-b630-0fb5a44442f3] status building: Starting the game
2026/09/29 01:46:13.032486 [01a0ead7-3626-7001-b630-0fb5a44442f3] ice udp mux listening on [192.168.1.107:40310]
2026/09/29 01:46:13.064310 [01a0ead7-3626-7001-b630-0fb5a44442f3] offer (peer v1): gathered in 32ms partial=false host=2 srflx=4 relay=4
2026/09/29 01:46:13.064813 [01a0ead7-3626-7001-b630-0fb5a44442f3] status connecting: Waiting for the viewer
2026/09/29 01:46:18.765583 [01a0ead7-3626-7001-b630-0fb5a44442f3] play_peer_open 01a0ead7-612e-7001-a0c4-aaed69c97a26
2026/09/29 01:46:18.765583 [01a0ead7-3626-7001-b630-0fb5a44442f3] core sent multi-peer frames: closing the v1 peer
2026/09/29 01:46:18.801095 [01a0ead7-3626-7001-b630-0fb5a44442f3] offer (peer 01a0ead7-612e-7001-a0c4-aaed69c97a26): gathered in 33ms partial=false host=2 srflx=4 relay=4
2026/09/29 01:46:18.801095 [01a0ead7-3626-7001-b630-0fb5a44442f3] status connecting: Waiting for the viewer
2026/09/29 01:46:19.520570 [01a0ead7-3626-7001-b630-0fb5a44442f3] play_peer_close 01a0ead7-612e-7001-a0c4-aaed69c97a26
2026/09/29 01:46:19.660485 [01a0ead7-3626-7001-b630-0fb5a44442f3] play_peer_open 01a0ead7-64ac-7001-aa4b-3fc38176dcf4
2026/09/29 01:46:19.692274 [01a0ead7-3626-7001-b630-0fb5a44442f3] offer (peer 01a0ead7-64ac-7001-aa4b-3fc38176dcf4): gathered in 32ms partial=false host=2 srflx=4 relay=4
2026/09/29 01:46:19.692274 [01a0ead7-3626-7001-b630-0fb5a44442f3] status connecting: Waiting for the viewer
2026/09/29 01:46:20.390065 [01a0ead7-3626-7001-b630-0fb5a44442f3] viewer connected (peer 01a0ead7-64ac-7001-aa4b-3fc38176dcf4): host 192.168.1.107:40310 <-> srflx 192.168.1.200:40353
2026/09/29 01:46:20.415217 [01a0ead7-3626-7001-b630-0fb5a44442f3] encoder started 1028x720 p1-ll-8000k-720p60-g120: -hide_banner -loglevel warning -nostats -y -f rawvideo -pix_fmt rgba -video_size 1028x720 -framerate 60 -use_wallclock_as_timestamps 1 -fflags nobuffer -flags low_delay -probesize 32 -i pipe:0 -fps_mode passthrough -c:v h264_nvenc -preset p1 -tune ll -rc cbr -b:v 8000k -maxrate 8000k -bufsize 266k -zerolatency 1 -delay 0 -rc-lookahead 0 -bf 0 -profile:v baseline -forced-idr 1 -g 120 -bsf:v dump_extra=freq=keyframe -an -flush_packets 1 -f rtp -payload_type 96 rtp://127.0.0.1:40331?pkt_size=1200
2026/09/29 01:46:20.563507 [01a0ead7-3626-7001-b630-0fb5a44442f3] status live: Streaming 1028x720 at 60 fps (p1/ll 8000 kbps, GOP 120); asked for 1280x720
2026/09/29 01:46:22.401335 [01a0ead7-3626-7001-b630-0fb5a44442f3] play_peer_open 01a0ead7-6f61-7001-a65f-455e0ea45f6b
2026/09/29 01:46:22.434823 [01a0ead7-3626-7001-b630-0fb5a44442f3] offer (peer 01a0ead7-6f61-7001-a65f-455e0ea45f6b): gathered in 33ms partial=false host=2 srflx=4 relay=4
2026/09/29 01:46:23.211691 [01a0ead7-3626-7001-b630-0fb5a44442f3] play_peer_close 01a0ead7-6f61-7001-a65f-455e0ea45f6b
2026/09/29 01:46:23.371582 [01a0ead7-3626-7001-b630-0fb5a44442f3] play_peer_open 01a0ead7-732c-7001-b779-5a544b0800ab
2026/09/29 01:46:28.406566 [01a0ead7-3626-7001-b630-0fb5a44442f3] offer (peer 01a0ead7-732c-7001-b779-5a544b0800ab): gathered in 5.035s partial=true host=2 srflx=2 relay=4
2026/09/29 01:46:29.558790 [01a0ead7-3626-7001-b630-0fb5a44442f3] viewer connected (peer 01a0ead7-732c-7001-b779-5a544b0800ab): host 192.168.1.107:40310 <-> prflx 192.168.1.234:40122
2026/09/29 01:46:29.581580 [01a0ead7-3626-7001-b630-0fb5a44442f3] PLI/FIR from peer 01a0ead7-732c-7001-b779-5a544b0800ab: no forced IDR in the subprocess encoder; next IDR within GOP 120
2026/09/29 01:46:29.638522 [01a0ead7-3626-7001-b630-0fb5a44442f3] PLI/FIR from peer 01a0ead7-732c-7001-b779-5a544b0800ab: no forced IDR in the subprocess encoder; next IDR within GOP 120
2026/09/29 01:46:29.840326 [01a0ead7-3626-7001-b630-0fb5a44442f3] PLI/FIR from peer 01a0ead7-732c-7001-b779-5a544b0800ab: no forced IDR in the subprocess encoder; next IDR within GOP 120
2026/09/29 01:46:30.044529 [01a0ead7-3626-7001-b630-0fb5a44442f3] PLI/FIR from peer 01a0ead7-732c-7001-b779-5a544b0800ab: no forced IDR in the subprocess encoder; next IDR within GOP 120
2026/09/29 01:46:30.247957 [01a0ead7-3626-7001-b630-0fb5a44442f3] PLI/FIR from peer 01a0ead7-732c-7001-b779-5a544b0800ab: no forced IDR in the subprocess encoder; next IDR within GOP 120
2026/09/29 01:46:30.449857 [01a0ead7-3626-7001-b630-0fb5a44442f3] PLI/FIR from peer 01a0ead7-732c-7001-b779-5a544b0800ab: no forced IDR in the subprocess encoder; next IDR within GOP 120
2026/09/29 01:46:32.044843 [01a0ead7-3626-7001-b630-0fb5a44442f3] play_peer_open 01a0ead7-950d-7001-865a-0e17a3afaa3a
2026/09/29 01:46:32.079921 [01a0ead7-3626-7001-b630-0fb5a44442f3] offer (peer 01a0ead7-950d-7001-865a-0e17a3afaa3a): gathered in 35ms partial=false host=2 srflx=4 relay=4
2026/09/29 01:46:32.742094 [01a0ead7-3626-7001-b630-0fb5a44442f3] play_peer_close 01a0ead7-950d-7001-865a-0e17a3afaa3a
2026/09/29 01:46:32.915194 [01a0ead7-3626-7001-b630-0fb5a44442f3] play_peer_open 01a0ead7-9873-7001-9a6e-a3349af4830c
2026/09/29 01:46:37.948815 [01a0ead7-3626-7001-b630-0fb5a44442f3] offer (peer 01a0ead7-9873-7001-9a6e-a3349af4830c): gathered in 5.034s partial=true host=2 srflx=2 relay=4
2026/09/29 01:46:39.105077 [01a0ead7-3626-7001-b630-0fb5a44442f3] viewer connected (peer 01a0ead7-9873-7001-9a6e-a3349af4830c): host 192.168.1.107:40310 <-> prflx 192.168.1.234:40180
2026/09/29 01:46:39.137510 [01a0ead7-3626-7001-b630-0fb5a44442f3] PLI/FIR from peer 01a0ead7-9873-7001-9a6e-a3349af4830c: no forced IDR in the subprocess encoder; next IDR within GOP 120
2026/09/29 01:46:39.185359 [01a0ead7-3626-7001-b630-0fb5a44442f3] PLI/FIR from peer 01a0ead7-9873-7001-9a6e-a3349af4830c: no forced IDR in the subprocess encoder; next IDR within GOP 120
2026/09/29 01:46:39.388369 [01a0ead7-3626-7001-b630-0fb5a44442f3] PLI/FIR from peer 01a0ead7-9873-7001-9a6e-a3349af4830c: no forced IDR in the subprocess encoder; next IDR within GOP 120
2026/09/29 01:46:39.591340 [01a0ead7-3626-7001-b630-0fb5a44442f3] PLI/FIR from peer 01a0ead7-9873-7001-9a6e-a3349af4830c: no forced IDR in the subprocess encoder; next IDR within GOP 120
2026/09/29 01:46:39.794581 [01a0ead7-3626-7001-b630-0fb5a44442f3] PLI/FIR from peer 01a0ead7-9873-7001-9a6e-a3349af4830c: no forced IDR in the subprocess encoder; next IDR within GOP 120
2026/09/29 01:46:39.998279 [01a0ead7-3626-7001-b630-0fb5a44442f3] PLI/FIR from peer 01a0ead7-9873-7001-9a6e-a3349af4830c: no forced IDR in the subprocess encoder; next IDR within GOP 120
2026/09/29 01:46:40.201084 [01a0ead7-3626-7001-b630-0fb5a44442f3] PLI/FIR from peer 01a0ead7-9873-7001-9a6e-a3349af4830c: no forced IDR in the subprocess encoder; next IDR within GOP 120
2026/09/29 01:46:40.403886 [01a0ead7-3626-7001-b630-0fb5a44442f3] PLI/FIR from peer 01a0ead7-9873-7001-9a6e-a3349af4830c: no forced IDR in the subprocess encoder; next IDR within GOP 120
2026/09/29 01:46:42.151132 [01a0ead7-3626-7001-b630-0fb5a44442f3] play_peer_open 01a0ead7-bc88-7001-b901-cfb5dfb2ebda
2026/09/29 01:46:42.187315 [01a0ead7-3626-7001-b630-0fb5a44442f3] offer (peer 01a0ead7-bc88-7001-b901-cfb5dfb2ebda): gathered in 36ms partial=false host=2 srflx=4 relay=4
2026/09/29 01:46:42.857539 [01a0ead7-3626-7001-b630-0fb5a44442f3] play_peer_close 01a0ead7-bc88-7001-b901-cfb5dfb2ebda
2026/09/29 01:46:43.010604 [01a0ead7-3626-7001-b630-0fb5a44442f3] play_peer_open 01a0ead7-bfe4-7001-aebc-45c90bdedca8
2026/09/29 01:46:43.046196 [01a0ead7-3626-7001-b630-0fb5a44442f3] offer (peer 01a0ead7-bfe4-7001-aebc-45c90bdedca8): gathered in 34ms partial=false host=2 srflx=4 relay=4
2026/09/29 01:46:43.749387 [01a0ead7-3626-7001-b630-0fb5a44442f3] viewer connected (peer 01a0ead7-bfe4-7001-aebc-45c90bdedca8): host 192.168.1.107:40310 <-> srflx 192.168.1.200:35227
2026/09/29 01:46:43.752835 [01a0ead7-3626-7001-b630-0fb5a44442f3] PLI/FIR from peer 01a0ead7-bfe4-7001-aebc-45c90bdedca8: no forced IDR in the subprocess encoder; next IDR within GOP 120
2026/09/29 01:46:43.888211 [01a0ead7-3626-7001-b630-0fb5a44442f3] PLI/FIR from peer 01a0ead7-bfe4-7001-aebc-45c90bdedca8: no forced IDR in the subprocess encoder; next IDR within GOP 120
2026/09/29 01:46:44.091215 [01a0ead7-3626-7001-b630-0fb5a44442f3] PLI/FIR from peer 01a0ead7-bfe4-7001-aebc-45c90bdedca8: no forced IDR in the subprocess encoder; next IDR within GOP 120
2026/09/29 01:46:44.294253 [01a0ead7-3626-7001-b630-0fb5a44442f3] PLI/FIR from peer 01a0ead7-bfe4-7001-aebc-45c90bdedca8: no forced IDR in the subprocess encoder; next IDR within GOP 120
2026/09/29 01:46:46.240538 [01a0ead7-3626-7001-b630-0fb5a44442f3] play_peer_open 01a0ead7-cc81-7001-af41-252e0c4b4091
2026/09/29 01:46:46.878956 [01a0ead7-3626-7001-b630-0fb5a44442f3] play_peer_close 01a0ead7-cc81-7001-af41-252e0c4b4091
2026/09/29 01:46:47.021130 [01a0ead7-3626-7001-b630-0fb5a44442f3] play_peer_open 01a0ead7-cf8d-7001-baa5-c7d33475e065
2026/09/29 01:46:47.055140 [01a0ead7-3626-7001-b630-0fb5a44442f3] offer (peer 01a0ead7-cf8d-7001-baa5-c7d33475e065): gathered in 34ms partial=false host=2 srflx=4 relay=4
2026/09/29 01:46:47.749259 [01a0ead7-3626-7001-b630-0fb5a44442f3] viewer connected (peer 01a0ead7-cf8d-7001-baa5-c7d33475e065): host 192.168.1.107:40310 <-> srflx 192.168.1.200:51833
2026/09/29 01:46:47.752096 [01a0ead7-3626-7001-b630-0fb5a44442f3] PLI/FIR from peer 01a0ead7-cf8d-7001-baa5-c7d33475e065: no forced IDR in the subprocess encoder; next IDR within GOP 120
2026/09/29 01:46:47.887244 [01a0ead7-3626-7001-b630-0fb5a44442f3] PLI/FIR from peer 01a0ead7-cf8d-7001-baa5-c7d33475e065: no forced IDR in the subprocess encoder; next IDR within GOP 120
2026/09/29 01:46:48.091343 [01a0ead7-3626-7001-b630-0fb5a44442f3] PLI/FIR from peer 01a0ead7-cf8d-7001-baa5-c7d33475e065: no forced IDR in the subprocess encoder; next IDR within GOP 120
2026/09/29 01:46:48.294420 [01a0ead7-3626-7001-b630-0fb5a44442f3] PLI/FIR from peer 01a0ead7-cf8d-7001-baa5-c7d33475e065: no forced IDR in the subprocess encoder; next IDR within GOP 120
2026/09/29 01:46:50.216745 [01a0ead7-3626-7001-b630-0fb5a44442f3] play_peer_open 01a0ead7-dc09-7001-bd3a-fd6fed37fcb0
2026/09/29 01:46:50.250859 [01a0ead7-3626-7001-b630-0fb5a44442f3] offer (peer 01a0ead7-dc09-7001-bd3a-fd6fed37fcb0): gathered in 34ms partial=false host=2 srflx=0 relay=4
2026/09/29 01:46:50.850174 [01a0ead7-3626-7001-b630-0fb5a44442f3] play_peer_close 01a0ead7-dc09-7001-bd3a-fd6fed37fcb0
2026/09/29 01:46:51.023706 [01a0ead7-3626-7001-b630-0fb5a44442f3] play_peer_open 01a0ead7-df2f-7001-a8ad-bd761a540f5e
2026/09/29 01:46:51.058614 [01a0ead7-3626-7001-b630-0fb5a44442f3] offer (peer 01a0ead7-df2f-7001-a8ad-bd761a540f5e): gathered in 35ms partial=false host=2 srflx=0 relay=4
2026/09/29 01:47:22.544925 [01a0ead7-3626-7001-b630-0fb5a44442f3] play_peer_close 01a0ead7-64ac-7001-aa4b-3fc38176dcf4
2026/09/29 01:47:22.592159 [01a0ead7-3626-7001-b630-0fb5a44442f3] play_peer_close 01a0ead7-732c-7001-b779-5a544b0800ab
2026/09/29 01:47:22.640083 [01a0ead7-3626-7001-b630-0fb5a44442f3] play_peer_close 01a0ead7-9873-7001-9a6e-a3349af4830c
2026/09/29 01:47:22.687462 [01a0ead7-3626-7001-b630-0fb5a44442f3] play_peer_close 01a0ead7-bfe4-7001-aebc-45c90bdedca8
2026/09/29 01:47:22.733804 [01a0ead7-3626-7001-b630-0fb5a44442f3] play_peer_close 01a0ead7-cf8d-7001-baa5-c7d33475e065
2026/09/29 01:47:22.777500 [01a0ead7-3626-7001-b630-0fb5a44442f3] no connected peer: encoder and export stopped
2026/09/29 01:47:22.781845 [01a0ead7-3626-7001-b630-0fb5a44442f3] play_peer_close 01a0ead7-df2f-7001-a8ad-bd761a540f5e
2026/09/29 01:47:25.315594 [01a0ead7-3626-7001-b630-0fb5a44442f3] killed godot job pids=[12400 13288 9476] err=<nil>
2026/09/29 01:47:25.452332 [01a0ead7-3626-7001-b630-0fb5a44442f3] removed checkout C:\Users\slaps\play-host-dev-01a0dbd6\checkouts\01a0ea90-643edd99da14 in 137ms err=<nil>
2026/09/29 01:47:25.452332 [01a0ead7-3626-7001-b630-0fb5a44442f3] session ended: stage 5 run over 01a0dbd6
