2026/09/29 01:20:33.520652 [01a0eabf-cd0b-7001-8884-b0e9a55fe135] status building: Preparing task/01a0ea90-0f73-7001-8f5f-07b3db421896 at 643edd99da14
2026/09/29 01:20:37.918233 launch: C:\Users\slaps\AppData\Local\Microsoft\WinGet\Packages\GodotEngine.GodotEngine_Microsoft.Winget.Source_8wekyb3d8bbwe\Godot_v4.7.2-stable_win64_console.exe [--path C:\Users\slaps\play-host-dev-01a0dbd6\checkouts\01a0ea90-643edd99da14 --rendering-driver vulkan --resolution 1280x720 --windowed -- --suite-play-session=01a0eabf-cd0b-7001-8884-b0e9a55fe135 --suite-play-port=40321 --suite-play-fps=60]
2026/09/29 01:20:37.923324 [01a0eabf-cd0b-7001-8884-b0e9a55fe135] godot pid 13548 job [13548] dir C:\Users\slaps\play-host-dev-01a0dbd6\checkouts\01a0ea90-643edd99da14
2026/09/29 01:20:38.521257 [01a0eabf-cd0b-7001-8884-b0e9a55fe135] status building: Starting the game
2026/09/29 01:20:38.950461 [01a0eabf-cd0b-7001-8884-b0e9a55fe135] ice udp mux listening on [192.168.1.107:40310]
2026/09/29 01:20:38.984650 [01a0eabf-cd0b-7001-8884-b0e9a55fe135] offer (peer v1): gathered in 34ms partial=false host=2 srflx=4 relay=4
2026/09/29 01:20:38.984650 [01a0eabf-cd0b-7001-8884-b0e9a55fe135] status connecting: Waiting for the viewer
2026/09/29 01:20:44.156113 [01a0eabf-cd0b-7001-8884-b0e9a55fe135] play_peer_open 01a0eabf-f698-7001-bb22-c57ac18a58a7
2026/09/29 01:20:44.156113 [01a0eabf-cd0b-7001-8884-b0e9a55fe135] core sent multi-peer frames: closing the v1 peer
2026/09/29 01:20:45.024127 [01a0eabf-cd0b-7001-8884-b0e9a55fe135] play_peer_close 01a0eabf-f698-7001-bb22-c57ac18a58a7
2026/09/29 01:20:45.204170 [01a0eabf-cd0b-7001-8884-b0e9a55fe135] play_peer_open 01a0eabf-faaf-7001-928e-e5cdeeb3395d
2026/09/29 01:20:45.238094 [01a0eabf-cd0b-7001-8884-b0e9a55fe135] offer (peer 01a0eabf-faaf-7001-928e-e5cdeeb3395d): gathered in 34ms partial=false host=2 srflx=4 relay=4
2026/09/29 01:20:45.238094 [01a0eabf-cd0b-7001-8884-b0e9a55fe135] status connecting: Waiting for the viewer
2026/09/29 01:20:45.942373 [01a0eabf-cd0b-7001-8884-b0e9a55fe135] viewer connected (peer 01a0eabf-faaf-7001-928e-e5cdeeb3395d): host 192.168.1.107:40310 <-> srflx 192.168.1.200:39106
2026/09/29 01:20:45.957765 [01a0eabf-cd0b-7001-8884-b0e9a55fe135] encoder started 1028x720 p1-ll-8000k-720p60-g120: -hide_banner -loglevel warning -nostats -y -f rawvideo -pix_fmt rgba -video_size 1028x720 -framerate 60 -use_wallclock_as_timestamps 1 -fflags nobuffer -flags low_delay -probesize 32 -i pipe:0 -fps_mode passthrough -c:v h264_nvenc -preset p1 -tune ll -rc cbr -b:v 8000k -maxrate 8000k -bufsize 266k -zerolatency 1 -delay 0 -rc-lookahead 0 -bf 0 -profile:v baseline -forced-idr 1 -g 120 -bsf:v dump_extra=freq=keyframe -an -flush_packets 1 -f rtp -payload_type 96 rtp://127.0.0.1:40331?pkt_size=1200
2026/09/29 01:20:46.100579 [01a0eabf-cd0b-7001-8884-b0e9a55fe135] status live: Streaming 1028x720 at 60 fps (p1/ll 8000 kbps, GOP 120); asked for 1280x720
2026/09/29 01:20:47.914285 [01a0eabf-cd0b-7001-8884-b0e9a55fe135] play_peer_open 01a0eac0-0546-7001-983b-046fde28a371
2026/09/29 01:20:47.950749 [01a0eabf-cd0b-7001-8884-b0e9a55fe135] offer (peer 01a0eac0-0546-7001-983b-046fde28a371): gathered in 35ms partial=false host=2 srflx=4 relay=4
2026/09/29 01:20:48.737211 [01a0eabf-cd0b-7001-8884-b0e9a55fe135] play_peer_close 01a0eac0-0546-7001-983b-046fde28a371
2026/09/29 01:20:48.874954 [01a0eabf-cd0b-7001-8884-b0e9a55fe135] play_peer_open 01a0eac0-0906-7001-ab6b-58ae3fbe378b
2026/09/29 01:20:48.911127 [01a0eabf-cd0b-7001-8884-b0e9a55fe135] offer (peer 01a0eac0-0906-7001-ab6b-58ae3fbe378b): gathered in 36ms partial=false host=2 srflx=4 relay=4
2026/09/29 01:21:20.297730 [01a0eabf-cd0b-7001-8884-b0e9a55fe135] play_peer_close 01a0eabf-faaf-7001-928e-e5cdeeb3395d
2026/09/29 01:21:20.316634 [01a0eabf-cd0b-7001-8884-b0e9a55fe135] play_peer_close 01a0eac0-0906-7001-ab6b-58ae3fbe378b
2026/09/29 01:21:20.341950 [01a0eabf-cd0b-7001-8884-b0e9a55fe135] no connected peer: encoder and export stopped
2026/09/29 01:21:22.793720 [01a0eabf-cd0b-7001-8884-b0e9a55fe135] killed godot job pids=[13548 5636 6608] err=<nil>
2026/09/29 01:21:22.948710 [01a0eabf-cd0b-7001-8884-b0e9a55fe135] removed checkout C:\Users\slaps\play-host-dev-01a0dbd6\checkouts\01a0ea90-643edd99da14 in 155ms err=<nil>
2026/09/29 01:21:22.948710 [01a0eabf-cd0b-7001-8884-b0e9a55fe135] session ended: stage 5 run over 01a0dbd6
