== run p2s2j-lan players=2 spectators=2 relay=0 mobile= n=50 jitter=34 at 2026-09-29T01:20:20Z
prodcheck before: PROD_BUSY=False prod_children=0 last=[2026/09/29 00:17:26.684540 host: joined; ready for play_session_start]
moon quiet check: 84 permille
start: 01:20:33.536 [error] [branch_provisioner] `gh` (GitHub CLI) not found on PATH; cannot create the task branch ref via `gh api`
{"via":"inline runner (default runner said {:error, {:review_branch_unresolved, {:gh_unavailable, \"`gh` (GitHub CLI) not found on PATH; cannot create the task branch ref via `gh api`\"}}})","result":"{:ok, %{multi: true, state: \"building\", started_at: ~U[2026-09-29 01:20:33.547724Z], branch: \"task/01a0ea90-0f73-7001-8f5f-07b3db421896\", session_id: \"01a0eabf-cd0b-7001-8884-b0e9a55fe135\", task_id: \"01a0ea90-0f73-7001-8f5f-07b3db421896\", elapsed_ms: 0, detail: \"Waiting for the play host\", ice_servers: [%{username: \"game_stream\", credential: <redacted>, urls: [\"turn:192.168.1.234:3479?transport=udp\", \"turn:192.168.1.234:3479?transport=tcp\"]}], review_sha: \"643edd99da14b4a71534c9339568bf7e7939de0f\", ended_reason: nil, host_runtime_id: \"play-host-wave-dev\", force_relay: false, max_players: 4}}","task_id":"01a0ea90-0f73-7001-8f5f-07b3db421896"}
session state: state: \"connecting
canvas: {"session_id":"01a0eabf-cd0b-7001-8884-b0e9a55fe135","space_id":"01a0e969-4369-7001-b57c-0acd7557375a","canvas_id":"01a0eabf-f16a-7001-b636-86f1774efe26"}
driver start 01:20:42
[3.6s] viewer 0 jordan player live {"frames":32,"path":"LAN"}
file:///home/queen/sources/worktrees/play-host-01a0dbd6/spike/driver/run-probes-multi.mjs:220
  throw new Error(`viewer ${v.i} (${v.user}): timeout waiting for ${what}: ${JSON.stringify(st)}`);
        ^

Error: viewer 1 (ryan): timeout waiting for live video: {"state":"connecting","frames":0,"join":"Join as player 2","leave":false,"chips":["other:P1 Dev Jordan","open:P2 open","open:P3 open","open:P4 open"],"watching":"1 watching","ring":false,"hooked":1,"player":false,"probeSlot":null,"samples":0,"fps":null,"path":null,"pcState":null}
    at waitFor (file:///home/queen/sources/worktrees/play-host-01a0dbd6/spike/driver/run-probes-multi.mjs:220:9)
    at async file:///home/queen/sources/worktrees/play-host-01a0dbd6/spike/driver/run-probes-multi.mjs:238:16

Node.js v24.21.0
driver exit 1 at 01:21:20
prodcheck after: PROD_BUSY=False prod_children=0 last=[2026/09/29 00:17:26.684540 host: joined; ready for play_session_start]
roster at end: roster":"{:ok, %{slots: %{}, multi: true, names: [], max_players: 4, spectators: 0}}"}
{"stopped":"{:ok, %{multi: true, state: \"ended\", started_at: ~U[2026-09-29 01:20:33.547724Z], branch: \"task/01a0ea90-0f73-7001-8f5f-07b3db421896\", session_id: \"01a0eabf-cd0b-7001-8884-b0e9a55fe135\", task_id: \"01a0ea90-0f73-7001-8f5f-07b3db421896\", elapsed_ms: 12579, detail: \"stage 5 run over 01a0dbd6\", ice_servers: [%{username: \"game_stream\", credential: <redacted>, urls: [\"turn:192.168.1.234:3479?transport=udp\", \"turn:192.168.1.234:3479?transport=tcp\"]}], review_sha: \"643edd99da14b4a71534c9339568bf7e7939de0f\", ended_reason: \"stage 5 run over 01a0dbd6\", host_runtime_id: \"play-host-wave-dev\", force_relay: false, max_players: 4}}"}
row: {"id":"01a0eabf-cd0b-7001-8884-b0e9a55fe135","started_at":"2026-09-29T01:20:33.547724Z","branch":"task/01a0ea90-0f73-7001-8f5f-07b3db421896","task_id":"01a0ea90-0f73-7001-8f5f-07b3db421896","ended_at":"2026-09-29T01:21:22.821450Z","review_sha":"643edd99da14b4a71534c9339568bf7e7939de0f","ended_reason":"stage 5 run over 01a0dbd6","connection_path":"lan","rtt_p50_ms":41.10000004768335,"rtt_p95_ms":68.0000000715263,"fps_avg":51.0,"ended_state":"ended","peak_players":1,"peak_spectators":1,"slot_stats":{"0":{"connection_path":"lan","fps_avg":51.0,"rtt_p50_ms":41.10000004768335,"rtt_p95_ms":68.0000000715263}}}
== done p2s2j-lan 2026-09-29T01:24:59Z
