== run p4s4j-lan players=4 spectators=4 relay=0 mobile= n=50 jitter=34 at 2026-09-29T01:45:54Z
prodcheck before: PROD_BUSY=False prod_children=0 last=[2026/09/29 00:17:26.684540 host: joined; ready for play_session_start]
moon quiet check: 26 permille
start: 01:46:07.770 [error] [branch_provisioner] `gh` (GitHub CLI) not found on PATH; cannot create the task branch ref via `gh api`
{"via":"inline runner (default runner said {:error, {:review_branch_unresolved, {:gh_unavailable, \"`gh` (GitHub CLI) not found on PATH; cannot create the task branch ref via `gh api`\"}}})","result":"{:ok, %{multi: true, state: \"building\", started_at: ~U[2026-09-29 01:46:07.782381Z], branch: \"task/01a0ea90-0f73-7001-8f5f-07b3db421896\", session_id: \"01a0ead7-3626-7001-b630-0fb5a44442f3\", task_id: \"01a0ea90-0f73-7001-8f5f-07b3db421896\", elapsed_ms: 0, detail: \"Waiting for the play host\", ice_servers: [%{username: \"game_stream\", credential: <redacted>, urls: [\"turn:192.168.1.234:3479?transport=udp\", \"turn:192.168.1.234:3479?transport=tcp\"]}], review_sha: \"643edd99da14b4a71534c9339568bf7e7939de0f\", ended_reason: nil, host_runtime_id: \"play-host-wave-dev\", force_relay: false, max_players: 4}}","task_id":"01a0ea90-0f73-7001-8f5f-07b3db421896"}
session state: state: \"connecting
canvas: {"session_id":"01a0ead7-3626-7001-b630-0fb5a44442f3","space_id":"01a0e969-4369-7001-b57c-0acd7557375a","canvas_id":"01a0ead7-5b5d-7001-b590-74b1f2c41466"}
driver start 01:46:17
[3.6s] viewer 0 jordan player live {"frames":34,"path":"LAN"}
[13.2s] viewer 1 ryan player live {"frames":6,"path":"TURN"}
[23.2s] viewer 2 saru player live {"frames":9,"path":"TURN"}
[27.2s] viewer 3 octavia player live {"frames":11,"path":"LAN"}
[31.2s] viewer 4 brosnan spectator live {"frames":9,"path":"LAN"}
viewer 5 (higgins) DIAG {"now":31837.700000047684,"pcAt":null,"pcs":[],"hook":{"sessionId":"01a0ead7-3626-7001-b630-0fb5a44442f3","peerId":"01a0ead7-df2f-7001-a8ad-bd761a540f5e","panel":"connecting","serverState":"live","pcId":null,"active":true,"suspended":false,"dead":false,"multi":true},"server":[],"sends":0}
file:///home/queen/sources/worktrees/play-host-01a0dbd6/spike/driver/run-probes-multi.mjs:242
  throw new Error(`viewer ${v.i} (${v.user}): timeout waiting for ${what}: ${JSON.stringify(st)}`);
        ^

Error: viewer 5 (higgins): timeout waiting for live video: {"state":"connecting","frames":0,"join":null,"leave":false,"chips":["other:P1 Dev Jordan","other:P2 Dev Ryan","other:P3 Dev Saru","other:P4 Dev Octavia"],"watching":"2 watching","ring":false,"hooked":1,"player":false,"probeSlot":null,"samples":0,"fps":null,"path":null,"pcState":null}
    at waitFor (file:///home/queen/sources/worktrees/play-host-01a0dbd6/spike/driver/run-probes-multi.mjs:242:9)
    at async file:///home/queen/sources/worktrees/play-host-01a0dbd6/spike/driver/run-probes-multi.mjs:260:16

Node.js v24.21.0
driver exit 1 at 01:47:22
prodcheck after: PROD_BUSY=False prod_children=0 last=[2026/09/29 00:17:26.684540 host: joined; ready for play_session_start]
roster at end: roster":"{:ok, %{slots: %{}, multi: true, names: [], max_players: 4, spectators: 0}}"}
{"stopped":"{:ok, %{multi: true, state: \"ended\", started_at: ~U[2026-09-29 01:46:07.782381Z], branch: \"task/01a0ea90-0f73-7001-8f5f-07b3db421896\", session_id: \"01a0ead7-3626-7001-b630-0fb5a44442f3\", task_id: \"01a0ea90-0f73-7001-8f5f-07b3db421896\", elapsed_ms: 12813, detail: \"stage 5 run over 01a0dbd6\", ice_servers: [%{username: \"game_stream\", credential: <redacted>, urls: [\"turn:192.168.1.234:3479?transport=udp\", \"turn:192.168.1.234:3479?transport=tcp\"]}], review_sha: \"643edd99da14b4a71534c9339568bf7e7939de0f\", ended_reason: \"stage 5 run over 01a0dbd6\", host_runtime_id: \"play-host-wave-dev\", force_relay: false, max_players: 4}}"}
row: {"id":"01a0ead7-3626-7001-b630-0fb5a44442f3","started_at":"2026-09-29T01:46:07.782381Z","branch":"task/01a0ea90-0f73-7001-8f5f-07b3db421896","task_id":"01a0ea90-0f73-7001-8f5f-07b3db421896","ended_at":"2026-09-29T01:47:25.347919Z","review_sha":"643edd99da14b4a71534c9339568bf7e7939de0f","ended_reason":"stage 5 run over 01a0dbd6","connection_path":"lan","rtt_p50_ms":43.800000023842586,"rtt_p95_ms":64.69999992847443,"fps_avg":59.0,"ended_state":"ended","peak_players":4,"peak_spectators":2,"slot_stats":{"0":{"connection_path":"lan","fps_avg":59.0,"rtt_p50_ms":42.699999928474426,"rtt_p95_ms":60.799999904633296},"1":{"connection_path":"turn","fps_avg":56.0,"rtt_p50_ms":41.60000002384186,"rtt_p95_ms":55.099999999998545},"2":{"connection_path":"turn","fps_avg":56.0,"rtt_p50_ms":46.600000000000364,"rtt_p95_ms":64.4999999284737},"3":{"connection_path":"lan","fps_avg":59.0,"rtt_p50_ms":43.800000023842586,"rtt_p95_ms":64.69999992847443}}}
== done p4s4j-lan 2026-09-29T01:52:13Z
